Archive member included to satisfy reference by file (symbol)

d:/s32_platform/s32ds/build_tools/gcc_v10.2/gcc-10.2-arm32-eabi/bin/../lib/gcc/arm-none-eabi/10.2.0/../../../../arm-none-eabi/lib/thumb/v7e-m+fp/hard\libc_nano.a(lib_a-memmove.o)
                              ./RTD/src/Siul2_Port_Ip.o (memmove)
d:/s32_platform/s32ds/build_tools/gcc_v10.2/gcc-10.2-arm32-eabi/bin/../lib/gcc/arm-none-eabi/10.2.0/../../../../arm-none-eabi/lib/thumb/v7e-m+fp/hard\libc_nano.a(lib_a-memset.o)
                              ./Project_Settings/Startup_Code/startup.o (memset)

Discarded input sections

 .group         0x00000000        0xc ./Project_Settings/Startup_Code/exceptions.o
 .group         0x00000000        0xc ./Project_Settings/Startup_Code/exceptions.o
 .group         0x00000000        0xc ./Project_Settings/Startup_Code/exceptions.o
 .group         0x00000000        0xc ./Project_Settings/Startup_Code/exceptions.o
 .group         0x00000000        0xc ./Project_Settings/Startup_Code/exceptions.o
 .group         0x00000000        0xc ./Project_Settings/Startup_Code/exceptions.o
 .group         0x00000000        0xc ./Project_Settings/Startup_Code/exceptions.o
 .group         0x00000000        0xc ./Project_Settings/Startup_Code/exceptions.o
 .group         0x00000000        0xc ./Project_Settings/Startup_Code/exceptions.o
 .group         0x00000000        0xc ./Project_Settings/Startup_Code/exceptions.o
 .group         0x00000000        0xc ./Project_Settings/Startup_Code/exceptions.o
 .group         0x00000000        0xc ./Project_Settings/Startup_Code/exceptions.o
 .group         0x00000000        0xc ./Project_Settings/Startup_Code/exceptions.o
 .group         0x00000000        0xc ./Project_Settings/Startup_Code/exceptions.o
 .group         0x00000000        0xc ./Project_Settings/Startup_Code/exceptions.o
 .group         0x00000000        0xc ./Project_Settings/Startup_Code/exceptions.o
 .group         0x00000000        0xc ./Project_Settings/Startup_Code/exceptions.o
 .group         0x00000000        0xc ./Project_Settings/Startup_Code/exceptions.o
 .group         0x00000000        0xc ./Project_Settings/Startup_Code/exceptions.o
 .group         0x00000000        0xc ./Project_Settings/Startup_Code/exceptions.o
 .group         0x00000000        0xc ./Project_Settings/Startup_Code/exceptions.o
 .group         0x00000000        0xc ./Project_Settings/Startup_Code/exceptions.o
 .group         0x00000000        0xc ./Project_Settings/Startup_Code/exceptions.o
 .group         0x00000000        0xc ./Project_Settings/Startup_Code/exceptions.o
 .group         0x00000000        0xc ./Project_Settings/Startup_Code/exceptions.o
 .group         0x00000000        0xc ./Project_Settings/Startup_Code/exceptions.o
 .group         0x00000000        0xc ./Project_Settings/Startup_Code/nvic.o
 .group         0x00000000        0xc ./Project_Settings/Startup_Code/nvic.o
 .group         0x00000000        0xc ./Project_Settings/Startup_Code/nvic.o
 .group         0x00000000        0xc ./Project_Settings/Startup_Code/nvic.o
 .group         0x00000000        0xc ./Project_Settings/Startup_Code/nvic.o
 .group         0x00000000        0xc ./Project_Settings/Startup_Code/nvic.o
 .group         0x00000000        0xc ./Project_Settings/Startup_Code/nvic.o
 .group         0x00000000        0xc ./Project_Settings/Startup_Code/nvic.o
 .group         0x00000000        0xc ./Project_Settings/Startup_Code/nvic.o
 .group         0x00000000        0xc ./Project_Settings/Startup_Code/nvic.o
 .group         0x00000000        0xc ./Project_Settings/Startup_Code/nvic.o
 .group         0x00000000        0xc ./Project_Settings/Startup_Code/nvic.o
 .group         0x00000000        0xc ./Project_Settings/Startup_Code/nvic.o
 .group         0x00000000        0xc ./Project_Settings/Startup_Code/nvic.o
 .group         0x00000000        0xc ./Project_Settings/Startup_Code/nvic.o
 .group         0x00000000        0xc ./Project_Settings/Startup_Code/nvic.o
 .group         0x00000000        0xc ./Project_Settings/Startup_Code/nvic.o
 .group         0x00000000        0xc ./Project_Settings/Startup_Code/nvic.o
 .group         0x00000000        0xc ./Project_Settings/Startup_Code/nvic.o
 .group         0x00000000        0xc ./Project_Settings/Startup_Code/nvic.o
 .group         0x00000000        0xc ./Project_Settings/Startup_Code/nvic.o
 .group         0x00000000        0xc ./Project_Settings/Startup_Code/nvic.o
 .group         0x00000000        0xc ./Project_Settings/Startup_Code/nvic.o
 .group         0x00000000        0xc ./Project_Settings/Startup_Code/nvic.o
 .group         0x00000000        0xc ./Project_Settings/Startup_Code/nvic.o
 .group         0x00000000        0xc ./Project_Settings/Startup_Code/nvic.o
 .group         0x00000000        0xc ./Project_Settings/Startup_Code/nvic.o
 .group         0x00000000        0xc ./Project_Settings/Startup_Code/nvic.o
 .group         0x00000000        0xc ./Project_Settings/Startup_Code/nvic.o
[...]
Memory Configuration

Name             Origin             Length             Attributes
int_pflash       0x00400000         0x003d4000
int_dflash       0x10000000         0x00020000
int_itcm         0x00000000         0x00008000
int_dtcm         0x20000000         0x0000f000
int_stack_dtcm   0x2000f000         0x00001000
int_sram         0x20400000         0x0002ff00
int_sram_fls_rsv 0x2042ff00         0x00000100
int_sram_no_cacheable 0x20430000         0x0000ff00
int_sram_results 0x2043ff00         0x00000100
int_sram_shareable 0x20440000         0x00004000
ram_rsvd2        0x20444000         0x00000000
*default*        0x00000000         0xffffffff

Linker script and memory map

LOAD ./Project_Settings/Startup_Code/Vector_Table.o
LOAD ./Project_Settings/Startup_Code/exceptions.o
LOAD ./Project_Settings/Startup_Code/nvic.o
LOAD ./Project_Settings/Startup_Code/startup.o
LOAD ./Project_Settings/Startup_Code/startup_cm7.o
LOAD ./Project_Settings/Startup_Code/system.o
LOAD ./RTD/src/Axbs_Ip.o
LOAD ./RTD/src/CDD_Rm.o
LOAD ./RTD/src/CDD_Rm_Ipw.o
LOAD ./RTD/src/Clock_Ip.o
LOAD ./RTD/src/Clock_Ip_Data.o
LOAD ./RTD/src/Clock_Ip_Divider.o
LOAD ./RTD/src/Clock_Ip_DividerTrigger.o
LOAD ./RTD/src/Clock_Ip_ExtOsc.o
LOAD ./RTD/src/Clock_Ip_FracDiv.o
LOAD ./RTD/src/Clock_Ip_Frequency.o
LOAD ./RTD/src/Clock_Ip_Gate.o
LOAD ./RTD/src/Clock_Ip_IntOsc.o
LOAD ./RTD/src/Clock_Ip_Irq.o
LOAD ./RTD/src/Clock_Ip_Monitor.o
LOAD ./RTD/src/Clock_Ip_Pll.o
LOAD ./RTD/src/Clock_Ip_ProgFreqSwitch.o
LOAD ./RTD/src/Clock_Ip_Selector.o
LOAD ./RTD/src/Clock_Ip_Specific.o
LOAD ./RTD/src/Det.o
LOAD ./RTD/src/Det_stub.o
LOAD ./RTD/src/Dma_Ip.o
LOAD ./RTD/src/Dma_Ip_Driver_State.o
LOAD ./RTD/src/Dma_Ip_Hw_Access.o
LOAD ./RTD/src/Dma_Ip_Irq.o
LOAD ./RTD/src/Dma_Ip_Multicore.o
LOAD ./RTD/src/Dma_Mux_Ip.o
LOAD ./RTD/src/Igf_Port_Ip.o
LOAD ./RTD/src/IntCtrl_Ip.o
LOAD ./RTD/src/Lpuart_Uart_Ip.o
LOAD ./RTD/src/Lpuart_Uart_Ip_Irq.o
LOAD ./RTD/src/Mscm_Ip.o
LOAD ./RTD/src/OsIf_Interrupts.o
LOAD ./RTD/src/OsIf_Timer.o
LOAD ./RTD/src/OsIf_Timer_System.o
LOAD ./RTD/src/OsIf_Timer_System_Internal_Systick.o
LOAD ./RTD/src/Pflash_Ip.o
LOAD ./RTD/src/SchM_Mcl.o
LOAD ./RTD/src/SchM_Mcu.o
LOAD ./RTD/src/SchM_Port.o
LOAD ./RTD/src/SchM_Rm.o
LOAD ./RTD/src/SchM_Uart.o
LOAD ./RTD/src/Sema42_Ip.o
LOAD ./RTD/src/Siul2_Port_Ip.o
LOAD ./RTD/src/Tspc_Port_Ip.o
LOAD ./RTD/src/Virt_Wrapper_Ip.o
LOAD ./RTD/src/Xbic_Ip.o
LOAD ./RTD/src/Xrdc_Ip.o
LOAD ./board/Siul2_Port_Ip_Cfg.o
LOAD ./board/Tspc_Port_Ip_Cfg.o
LOAD ./generate/src/Axbs_Ip_PBcfg.o
LOAD ./generate/src/CDD_Rm_Cfg.o
LOAD ./generate/src/CDD_Rm_Ipw_PBcfg.o
LOAD ./generate/src/CDD_Rm_PBcfg.o
LOAD ./generate/src/Clock_Ip_Cfg.o
LOAD ./generate/src/Dma_Ip_Cfg.o
LOAD ./generate/src/Dma_Ip_PBcfg.o
LOAD ./generate/src/Dma_Mux_Ip_PBcfg.o
LOAD ./generate/src/Igf_Port_Ip_Cfg.o
LOAD ./generate/src/IntCtrl_Ip_Cfg.o
LOAD ./generate/src/Lpuart_Uart_Ip_Sa_PBcfg.o
LOAD ./generate/src/Mscm_Ip_PBcfg.o
LOAD ./generate/src/OsIf_Cfg.o
LOAD ./generate/src/Pflash_Ip_Cfg.o
LOAD ./generate/src/Pflash_Ip_PBcfg.o
LOAD ./generate/src/Virt_Wrapper_Ip_PBcfg.o
LOAD ./generate/src/Xbic_Ip_PBcfg.o
LOAD ./generate/src/Xrdc_Ip_Cfg.o
LOAD ./generate/src/Xrdc_Ip_PBcfg.o
LOAD ./src/main.o
LOAD d:/s32_platform/s32ds/build_tools/gcc_v10.2/gcc-10.2-arm32-eabi/bin/../lib/gcc/arm-none-eabi/10.2.0/../../../../arm-none-eabi/lib/thumb/v7e-m+fp/hard\libc_nano.a
LOAD d:/s32_platform/s32ds/build_tools/gcc_v10.2/gcc-10.2-arm32-eabi/bin/../lib/gcc/arm-none-eabi/10.2.0/../../../../arm-none-eabi/lib/thumb/v7e-m+fp/hard\libm.a
LOAD d:/s32_platform/s32ds/build_tools/gcc_v10.2/gcc-10.2-arm32-eabi/bin/../lib/gcc/arm-none-eabi/10.2.0/thumb/v7e-m+fp/hard\libgcc.a
START GROUP
LOAD d:/s32_platform/s32ds/build_tools/gcc_v10.2/gcc-10.2-arm32-eabi/bin/../lib/gcc/arm-none-eabi/10.2.0/thumb/v7e-m+fp/hard\libgcc.a
LOAD d:/s32_platform/s32ds/build_tools/gcc_v10.2/gcc-10.2-arm32-eabi/bin/../lib/gcc/arm-none-eabi/10.2.0/../../../../arm-none-eabi/lib/thumb/v7e-m+fp/hard\libg_nano.a
LOAD d:/s32_platform/s32ds/build_tools/gcc_v10.2/gcc-10.2-arm32-eabi/bin/../lib/gcc/arm-none-eabi/10.2.0/../../../../arm-none-eabi/lib/thumb/v7e-m+fp/hard\libc_nano.a
END GROUP
START GROUP
LOAD d:/s32_platform/s32ds/build_tools/gcc_v10.2/gcc-10.2-arm32-eabi/bin/../lib/gcc/arm-none-eabi/10.2.0/thumb/v7e-m+fp/hard\libgcc.a
LOAD d:/s32_platform/s32ds/build_tools/gcc_v10.2/gcc-10.2-arm32-eabi/bin/../lib/gcc/arm-none-eabi/10.2.0/../../../../arm-none-eabi/lib/thumb/v7e-m+fp/hard\libc_nano.a
LOAD d:/s32_platform/s32ds/build_tools/gcc_v10.2/gcc-10.2-arm32-eabi/bin/../lib/gcc/arm-none-eabi/10.2.0/../../../../arm-none-eabi/lib/thumb/v7e-m+fp/hard\libnosys.a
END GROUP
START GROUP
LOAD d:/s32_platform/s32ds/build_tools/gcc_v10.2/gcc-10.2-arm32-eabi/bin/../lib/gcc/arm-none-eabi/10.2.0/thumb/v7e-m+fp/hard\libgcc.a
LOAD d:/s32_platform/s32ds/build_tools/gcc_v10.2/gcc-10.2-arm32-eabi/bin/../lib/gcc/arm-none-eabi/10.2.0/../../../../arm-none-eabi/lib/thumb/v7e-m+fp/hard\libc_nano.a
LOAD d:/s32_platform/s32ds/build_tools/gcc_v10.2/gcc-10.2-arm32-eabi/bin/../lib/gcc/arm-none-eabi/10.2.0/../../../../arm-none-eabi/lib/thumb/v7e-m+fp/hard\libnosys.a
END GROUP
                0x00002000                HEAP_SIZE = DEFINED (__heap_size__)?__heap_size__:0x2000
                0x20407fff                __STANDBY_RAM_LIMIT_END = 0x20407fff

.pflash         0x00400000     0xa620
 *(.boot_header)
 .boot_header   0x00400000       0x30 ./Project_Settings/Startup_Code/startup_cm7.o
                0x00400800                . = ALIGN (0x800)
 *fill*         0x00400030      0x7d0 
                0x00400800                __text_start = .
                0x00400800                __interrupts_init_start = .
 *(.intc_vector)
 .intc_vector   0x00400800      0x408 ./Project_Settings/Startup_Code/Vector_Table.o
                0x00400800                VTABLE
                0x00400c08                . = ALIGN (0x4)
                0x00400c08                __interrupts_init_end = .
 *(.core_loop)
 .core_loop     0x00400c08        0xc ./Project_Settings/Startup_Code/startup_cm7.o
                0x00400c08                _core_loop
                0x00400c14                . = ALIGN (0x4)
 *(.startup)
 *fill*         0x00400c14        0xc 
 .startup       0x00400c20      0x1dc ./Project_Settings/Startup_Code/startup_cm7.o
                0x00400c20                Reset_Handler
                0x00400c20                _start
                0x00400d8c                MCAL_LTB_TRACE_OFF
                0x00400d8e                _end_of_eunit_test
                0x00400dfc                . = ALIGN (0x4)
 *(.systeminit)
                0x00400dfc                . = ALIGN (0x4)
 *(.text.startup)
 .text.startup  0x00400dfc       0x60 ./src/main.o
                0x00400dfc                main
                0x00400e5c                . = ALIGN (0x4)
 *(.text)
 .text          0x00400e5c        0x0 ./Project_Settings/Startup_Code/Vector_Table.o
 .text          0x00400e5c        0x0 ./Project_Settings/Startup_Code/exceptions.o
 .text          0x00400e5c        0x0 ./Project_Settings/Startup_Code/nvic.o
 .text          0x00400e5c        0x0 ./Project_Settings/Startup_Code/startup.o
 .text          0x00400e5c        0x0 ./Project_Settings/Startup_Code/startup_cm7.o
 .text          0x00400e5c       0x10 ./Project_Settings/Startup_Code/system.o
                0x00400e5c                Sys_GetCoreID
 .text          0x00400e6c        0x0 ./RTD/src/Axbs_Ip.o
 .text          0x00400e6c        0x0 ./RTD/src/CDD_Rm.o
 .text          0x00400e6c        0x0 ./RTD/src/CDD_Rm_Ipw.o
 .text          0x00400e6c        0x0 ./RTD/src/Clock_Ip.o
 .text          0x00400e6c        0x0 ./RTD/src/Clock_Ip_Data.o
 .text          0x00400e6c        0x0 ./RTD/src/Clock_Ip_Divider.o
 .text          0x00400e6c        0x0 ./RTD/src/Clock_Ip_DividerTrigger.o
 .text          0x00400e6c        0x0 ./RTD/src/Clock_Ip_ExtOsc.o
 .text          0x00400e6c        0x0 ./RTD/src/Clock_Ip_FracDiv.o
 .text          0x00400e6c        0x0 ./RTD/src/Clock_Ip_Frequency.o
 .text          0x00400e6c        0x0 ./RTD/src/Clock_Ip_Gate.o
 .text          0x00400e6c        0x0 ./RTD/src/Clock_Ip_IntOsc.o
 .text          0x00400e6c        0x0 ./RTD/src/Clock_Ip_Irq.o
 .text          0x00400e6c        0x0 ./RTD/src/Clock_Ip_Monitor.o
 .text          0x00400e6c        0x0 ./RTD/src/Clock_Ip_Pll.o
 .text          0x00400e6c        0x0 ./RTD/src/Clock_Ip_ProgFreqSwitch.o
 .text          0x00400e6c        0x0 ./RTD/src/Clock_Ip_Selector.o
 .text          0x00400e6c        0x0 ./RTD/src/Clock_Ip_Specific.o
 .text          0x00400e6c        0x0 ./RTD/src/Det.o
 .text          0x00400e6c        0x0 ./RTD/src/Det_stub.o
 .text          0x00400e6c        0x0 ./RTD/src/Dma_Ip.o
 .text          0x00400e6c        0x0 ./RTD/src/Dma_Ip_Driver_State.o
 .text          0x00400e6c        0x0 ./RTD/src/Dma_Ip_Hw_Access.o
 .text          0x00400e6c        0x0 ./RTD/src/Dma_Ip_Irq.o
 .text          0x00400e6c        0x0 ./RTD/src/Dma_Ip_Multicore.o
 .text          0x00400e6c        0x0 ./RTD/src/Dma_Mux_Ip.o
 .text          0x00400e6c        0x0 ./RTD/src/Igf_Port_Ip.o
 .text          0x00400e6c       0x14 ./RTD/src/IntCtrl_Ip.o
 .text          0x00400e80       0x14 ./RTD/src/Lpuart_Uart_Ip.o
 .text          0x00400e94        0x0 ./RTD/src/Lpuart_Uart_Ip_Irq.o
 .text          0x00400e94        0x0 ./RTD/src/Mscm_Ip.o
 .text          0x00400e94        0x0 ./RTD/src/OsIf_Interrupts.o
 .text          0x00400e94        0x0 ./RTD/src/OsIf_Timer.o
 .text          0x00400e94        0x0 ./RTD/src/OsIf_Timer_System.o
 .text          0x00400e94        0x0 ./RTD/src/OsIf_Timer_System_Internal_Systick.o
 .text          0x00400e94        0x0 ./RTD/src/Pflash_Ip.o
 .text          0x00400e94        0x6 ./RTD/src/SchM_Mcl.o
                0x00400e94                Mcl_schm_read_msr
 .text          0x00400e9a        0x6 ./RTD/src/SchM_Mcu.o
                0x00400e9a                Mcu_schm_read_msr
 .text          0x00400ea0        0x6 ./RTD/src/SchM_Port.o
                0x00400ea0                Port_schm_read_msr
 .text          0x00400ea6        0x6 ./RTD/src/SchM_Rm.o
                0x00400ea6                Rm_schm_read_msr
 .text          0x00400eac        0x6 ./RTD/src/SchM_Uart.o
                0x00400eac                Uart_schm_read_msr
 .text          0x00400eb2        0x0 ./RTD/src/Sema42_Ip.o
 .text          0x00400eb2       0x14 ./RTD/src/Siul2_Port_Ip.o
 .text          0x00400ec6        0x0 ./RTD/src/Tspc_Port_Ip.o
 .text          0x00400ec6        0x0 ./RTD/src/Virt_Wrapper_Ip.o
 .text          0x00400ec6        0x0 ./RTD/src/Xbic_Ip.o
 .text          0x00400ec6        0x0 ./RTD/src/Xrdc_Ip.o
 .text          0x00400ec6        0x0 ./board/Siul2_Port_Ip_Cfg.o
 .text          0x00400ec6        0x0 ./board/Tspc_Port_Ip_Cfg.o
 .text          0x00400ec6        0x0 ./generate/src/Axbs_Ip_PBcfg.o
 .text          0x00400ec6        0x0 ./generate/src/CDD_Rm_Cfg.o
 .text          0x00400ec6        0x0 ./generate/src/CDD_Rm_Ipw_PBcfg.o
 .text          0x00400ec6        0x0 ./generate/src/CDD_Rm_PBcfg.o
 .text          0x00400ec6        0x0 ./generate/src/Clock_Ip_Cfg.o
 .text          0x00400ec6        0x0 ./generate/src/Dma_Ip_Cfg.o
 .text          0x00400ec6        0x0 ./generate/src/Dma_Ip_PBcfg.o
 .text          0x00400ec6        0x0 ./generate/src/Dma_Mux_Ip_PBcfg.o
 .text          0x00400ec6        0x0 ./generate/src/Igf_Port_Ip_Cfg.o
 .text          0x00400ec6        0x0 ./generate/src/IntCtrl_Ip_Cfg.o
 .text          0x00400ec6        0x0 ./generate/src/Lpuart_Uart_Ip_Sa_PBcfg.o
 .text          0x00400ec6        0x0 ./generate/src/Mscm_Ip_PBcfg.o
 .text          0x00400ec6        0x0 ./generate/src/OsIf_Cfg.o
 .text          0x00400ec6        0x0 ./generate/src/Pflash_Ip_Cfg.o
 .text          0x00400ec6        0x0 ./generate/src/Pflash_Ip_PBcfg.o
 .text          0x00400ec6        0x0 ./generate/src/Virt_Wrapper_Ip_PBcfg.o
 .text          0x00400ec6        0x0 ./generate/src/Xbic_Ip_PBcfg.o
 .text          0x00400ec6        0x0 ./generate/src/Xrdc_Ip_Cfg.o
 .text          0x00400ec6        0x0 ./generate/src/Xrdc_Ip_PBcfg.o
 .text          0x00400ec6        0x0 ./src/main.o
 .text          0x00400ec6        0x0 d:/s32_platform/s32ds/build_tools/gcc_v10.2/gcc-10.2-arm32-eabi/bin/../lib/gcc/arm-none-eabi/10.2.0/../../../../arm-none-eabi/lib/thumb/v7e-m+fp/hard\libc_nano.a(lib_a-memmove.o)
 .text          0x00400ec6        0x0 d:/s32_platform/s32ds/build_tools/gcc_v10.2/gcc-10.2-arm32-eabi/bin/../lib/gcc/arm-none-eabi/10.2.0/../../../../arm-none-eabi/lib/thumb/v7e-m+fp/hard\libc_nano.a(lib_a-memset.o)
 *(.text*)
 .text.memmove  0x00400ec6       0x34 d:/s32_platform/s32ds/build_tools/gcc_v10.2/gcc-10.2-arm32-eabi/bin/../lib/gcc/arm-none-eabi/10.2.0/../../../../arm-none-eabi/lib/thumb/v7e-m+fp/hard\libc_nano.a(lib_a-memmove.o)
                0x00400ec6                memmove
 .text.memset   0x00400efa       0x10 d:/s32_platform/s32ds/build_tools/gcc_v10.2/gcc-10.2-arm32-eabi/bin/../lib/gcc/arm-none-eabi/10.2.0/../../../../arm-none-eabi/lib/thumb/v7e-m+fp/hard\libc_nano.a(lib_a-memset.o)
                0x00400efa                memset
                0x00400f0c                . = ALIGN (0x4)
 *fill*         0x00400f0a        0x2 
 *(.mcal_text)
 .mcal_text     0x00400f0c       0x14 ./Project_Settings/Startup_Code/exceptions.o
                0x00400f0c                NMI_Handler
                0x00400f0e                HardFault_Handler
                0x00400f10                MemManage_Handler
                0x00400f12                BusFault_Handler
                0x00400f14                UsageFault_Handler
                0x00400f16                SVC_Handler
                0x00400f18                DebugMon_Handler
                0x00400f1a                PendSV_Handler
                0x00400f1c                SysTick_Handler
                0x00400f1e                undefined_handler
 .mcal_text     0x00400f20       0x52 ./Project_Settings/Startup_Code/nvic.o
                0x00400f20                NVIC_SetPriorityGrouping
                0x00400f34                NVIC_EnableIRQ
                0x00400f4c                NVIC_DisableIRQ
                0x00400f64                NVIC_SetPriority
 *fill*         0x00400f72        0x2 
 .mcal_text     0x00400f74       0xe8 ./Project_Settings/Startup_Code/startup.o
                0x00400f74                init_data_bss
                0x00401000                init_data_bss_core2
 .mcal_text     0x0040105c      0x2f8 ./Project_Settings/Startup_Code/system.o
                0x0040105c                startup_go_to_user_mode
                0x0040105e                default_interrupt_routine
                0x00401060                SystemInit
 .mcal_text     0x00401354       0x28 ./RTD/src/CDD_Rm.o
                0x00401354                Rm_Init
 .mcal_text     0x0040137c        0x6 ./RTD/src/CDD_Rm_Ipw.o
                0x0040137c                Rm_Ipw_Dma_Mux_Init
 *fill*         0x00401382        0x2 
 .mcal_text     0x00401384      0x850 ./RTD/src/Clock_Ip.o
                0x00401386                Clock_Ip_InitClock
                0x004018f8                Clock_Ip_GetPllStatus
                0x0040199c                Clock_Ip_DistributePll
                0x00401a88                Clock_Ip_Init
                0x00401aac                Clock_Ip_DisableClockMonitor
                0x00401ad0                Clock_Ip_InstallNotificationsCallback
                0x00401adc                Clock_Ip_DisableModuleClock
                0x00401b04                Clock_Ip_EnableModuleClock
                0x00401b2c                Clock_Ip_DisableFircInStandby
                0x00401b44                Clock_Ip_EnableFircInStandby
                0x00401b5c                Clock_Ip_DisableSircInStandby
                0x00401b74                Clock_Ip_EnableSircInStandby
                0x00401b8c                Clock_Ip_ReportClockErrors
                0x00401b98                Clock_Ip_StartTimeout
                0x00401bb8                Clock_Ip_TimeoutExpired
 .mcal_text     0x00401bd4      0x120 ./RTD/src/Clock_Ip_Divider.o
 .mcal_text     0x00401cf4       0x9c ./RTD/src/Clock_Ip_DividerTrigger.o
 .mcal_text     0x00401d90      0x1c4 ./RTD/src/Clock_Ip_ExtOsc.o
 .mcal_text     0x00401f54        0x6 ./RTD/src/Clock_Ip_FracDiv.o
 .mcal_text     0x00401f5a        0x2 ./RTD/src/Clock_Ip_Frequency.o
                0x00401f5a                Clock_Ip_SetExternalSignalFrequency
 .mcal_text     0x00401f5c      0x128 ./RTD/src/Clock_Ip_Gate.o
 .mcal_text     0x00402084      0x104 ./RTD/src/Clock_Ip_IntOsc.o
 .mcal_text     0x00402188        0x4 ./RTD/src/Clock_Ip_Irq.o
                0x00402188                Mcu_Cmu_ClockFail_IRQHandler
 .mcal_text     0x0040218c      0x204 ./RTD/src/Clock_Ip_Monitor.o
                0x00402338                Clock_Ip_CMU_GetInterruptStatus
                0x0040234c                Clock_Ip_CMU_ClockFailInt
 .mcal_text     0x00402390      0x17c ./RTD/src/Clock_Ip_Pll.o
 .mcal_text     0x0040250c      0x154 ./RTD/src/Clock_Ip_ProgFreqSwitch.o
 .mcal_text     0x00402660      0x3dc ./RTD/src/Clock_Ip_Selector.o
                0x00402a10                Clock_Ip_SetRtcRtccClksel_TrustedCall
 .mcal_text     0x00402a3c      0x2bc ./RTD/src/Clock_Ip_Specific.o
                0x00402a3c                Clock_Ip_McMeEnterKey
                0x00402a50                Clock_Ip_PowerClockIpModules
                0x00402c50                DisableFircInStandbyMode
                0x00402c60                EnableFircInStandbyMode
                0x00402c7c                DisableSircInStandbyMode
                0x00402c8c                EnableSircInStandbyMode
                0x00402ca8                Clock_Ip_Command
 .mcal_text     0x00402cf8       0xa4 ./RTD/src/Det.o
                0x00402cf8                Det_Init
                0x00402cfa                Det_ReportError
                0x00402d30                Det_ReportRuntimeError
                0x00402d64                Det_ReportTransientFault
                0x00402d98                Det_Start
 .mcal_text     0x00402d9c      0x21c ./RTD/src/Det_stub.o
                0x00402d9c                Det_TestLastReportError
                0x00402e04                Det_TestLastReportRuntimeError
                0x00402e6c                Det_TestLastReportTransientFault
                0x00402ed4                Det_TestNoError
                0x00402f20                Det_TestNoRuntimeError
                0x00402f6c                Det_TestNoTransientFault
 .mcal_text     0x00402fb8      0x984 ./RTD/src/Dma_Ip.o
                0x004031f4                Dma_Ip_ConvertLogicChToHwCh
                0x00403208                Dma_Ip_SetLogicInstanceCommand
                0x00403234                Dma_Ip_GetLogicInstanceStatus
                0x0040324c                Dma_Ip_LogicChannelInit
                0x00403410                Dma_Ip_Init
                0x0040347c                Dma_Ip_LogicChannelDeinit
                0x004034ec                Dma_Ip_Deinit
                0x00403518                Dma_Ip_SetLogicChannelCommand
                0x004035a4                Dma_Ip_GetLogicChannelStatus
                0x00403608                Dma_Ip_SetLogicChannelGlobalList
                0x0040369c                Dma_Ip_SetLogicChannelTransferList
                0x00403780                Dma_Ip_SetLogicChannelScatterGatherList
                0x00403830                Dma_Ip_GetLogicChannelParam
                0x00403858                Dma_Ip_SetLogicChannelScatterGatherConfig
                0x004038e4                Dma_Ip_IntIrqHandler
                0x004038fa                Dma_Ip_ErrorIrqHandler
 .mcal_text     0x0040393c       0xf0 ./RTD/src/Dma_Ip_Driver_State.o
                0x004039b4                Dma_Ip_SetHwChannelState
                0x004039e4                Dma_Ip_GetHwChannelState
                0x00403a00                Dma_Ip_GetHwChannelStatePointer
                0x00403a18                Dma_Ip_SetHwChannelStatePointer
 .mcal_text     0x00403a2c      0x8d4 ./RTD/src/Dma_Ip_Hw_Access.o
                0x00403f68                HwAccDmaInst_SetConfig
                0x00403fc4                HwAccDmaInst_SetCommand
                0x00403fd8                HwAccDmaInst_GetStatus
                0x00404004                HwAccDmaCh_SetCommand
                0x00404024                HwAccDmaCh_GetStatus
                0x00404044                HwAccDmaCh_GetStatus_Error
                0x00404064                HwAccDmaCh_SetGlobalParam
                0x00404084                HwAccDmaCh_SetTransferParam
                0x004040a4                HwAccDmaCh_GetParam
                0x004040c4                HwAccDmaCh_LoadConfigIntoSoftwareTcd
                0x00404290                HwAccDmaCh_LoadSoftwareTcdIntoHardwareTcd
                0x004042e0                HwAccDmaCh_SetControl_ScatterGatherAddress
                0x004042e8                HwAccDmaCh_SetControl_EnScatterGatherProcessing
 .mcal_text     0x00404300       0xd4 ./RTD/src/Dma_Ip_Irq.o
                0x00404354                Dma0_Ch0_IRQHandler
                0x00404358                Dma0_Ch1_IRQHandler
                0x0040435c                Dma0_Ch2_IRQHandler
                0x00404360                Dma0_Ch3_IRQHandler
                0x00404364                Dma0_Ch4_IRQHandler
                0x00404368                Dma0_Ch5_IRQHandler
                0x0040436c                Dma0_Ch6_IRQHandler
                0x00404370                Dma0_Ch7_IRQHandler
                0x00404374                Dma0_Ch8_IRQHandler
                0x00404378                Dma0_Ch9_IRQHandler
                0x0040437c                Dma0_Ch10_IRQHandler
                0x00404380                Dma0_Ch11_IRQHandler
                0x00404384                Dma0_Ch12_IRQHandler
                0x00404388                Dma0_Ch13_IRQHandler
                0x0040438c                Dma0_Ch14_IRQHandler
                0x00404390                Dma0_Ch15_IRQHandler
                0x00404394                Dma0_Ch16_IRQHandler
                0x00404398                Dma0_Ch17_IRQHandler
                0x0040439c                Dma0_Ch18_IRQHandler
                0x004043a0                Dma0_Ch19_IRQHandler
                0x004043a4                Dma0_Ch20_IRQHandler
                0x004043a8                Dma0_Ch21_IRQHandler
                0x004043ac                Dma0_Ch22_IRQHandler
                0x004043b0                Dma0_Ch23_IRQHandler
                0x004043b4                Dma0_Ch24_IRQHandler
                0x004043b8                Dma0_Ch25_IRQHandler
                0x004043bc                Dma0_Ch26_IRQHandler
                0x004043c0                Dma0_Ch27_IRQHandler
                0x004043c4                Dma0_Ch28_IRQHandler
                0x004043c8                Dma0_Ch29_IRQHandler
                0x004043cc                Dma0_Ch30_IRQHandler
                0x004043d0                Dma0_Ch31_IRQHandler
 .mcal_text     0x004043d4       0x34 ./RTD/src/Dma_Mux_Ip.o
                0x004043d4                Dma_Mux_Ip_Init_Privileged
                0x00404404                Dma_Mux_Ip_Init
 .mcal_text     0x00404408      0x360 ./RTD/src/IntCtrl_Ip.o
                0x00404408                IntCtrl_Ip_InstallHandlerPrivileged
                0x00404458                IntCtrl_Ip_EnableIrqPrivileged
                0x00404488                IntCtrl_Ip_DisableIrqPrivileged
                0x004044b8                IntCtrl_Ip_SetPriorityPrivileged
                0x004044ec                IntCtrl_Ip_GetPriorityPrivileged
                0x00404510                IntCtrl_Ip_ClearPendingPrivileged
                0x00404540                IntCtrl_Ip_SetPendingPrivileged
                0x00404570                IntCtrl_Ip_GetPendingPrivileged
                0x004045a0                IntCtrl_Ip_GetActivePrivileged
                0x004045d0                IntCtrl_Ip_ClearDirectedCpuInterruptPrivileged
                0x00404604                IntCtrl_Ip_GetDirectedCpuInterruptPrivileged
                0x0040463c                IntCtrl_Ip_GenerateDirectedCpuInterruptPrivileged
                0x004046ac                IntCtrl_Ip_Init
                0x00404718                IntCtrl_Ip_InstallHandler
                0x0040471c                IntCtrl_Ip_EnableIrq
                0x00404720                IntCtrl_Ip_DisableIrq
                0x00404724                IntCtrl_Ip_SetPriority
                0x00404728                IntCtrl_Ip_GetPriority
                0x0040472c                IntCtrl_Ip_ClearPending
                0x00404730                IntCtrl_Ip_SetPending
                0x00404734                IntCtrl_Ip_GetPending
                0x00404742                IntCtrl_Ip_GetActive
                0x00404750                IntCtrl_Ip_ClearDirectedCpuInterrupt
                0x00404754                IntCtrl_Ip_GetDirectedCpuInterrupt
                0x00404762                IntCtrl_Ip_GenerateDirectedCpuInterrupt
 .mcal_text     0x00404768     0x1204 ./RTD/src/Lpuart_Uart_Ip.o
                0x00404a20                Lpuart_Uart_Ip_Init
                0x00404b88                Lpuart_Uart_Ip_Deinit
                0x00404c30                Lpuart_Uart_Ip_SyncSend
                0x00404d1c                Lpuart_Uart_Ip_AsyncSend
                0x00404e64                Lpuart_Uart_Ip_GetTransmitStatus
                0x00404eec                Lpuart_Uart_Ip_SyncReceive
                0x00405060                Lpuart_Uart_Ip_AsyncReceive
                0x004051fc                Lpuart_Uart_Ip_GetReceiveStatus
                0x00405284                Lpuart_Uart_Ip_SetBaudRate
                0x00405384                Lpuart_Uart_Ip_GetBaudRate
                0x004053b0                Lpuart_Uart_Ip_SetTxBuffer
                0x004053e4                Lpuart_Uart_Ip_SetRxBuffer
                0x00405418                Lpuart_Uart_Ip_CompleteSendUsingDma
                0x00405524                Lpuart_Uart_Ip_AbortSendingData
                0x0040559c                Lpuart_Uart_Ip_CompleteReceiveUsingDma
                0x004056b0                Lpuart_Uart_Ip_AbortReceivingData
                0x00405738                Lpuart_Uart_Ip_IrqHandler
 .mcal_text     0x0040596c       0x12 ./RTD/src/Lpuart_Uart_Ip_Irq.o
                0x0040596c                LPUART_UART_IP_3_IRQHandler
                0x00405972                Lpuart_3_Uart_Ip_DmaRxCompleteCallback
                0x00405978                Lpuart_3_Uart_Ip_DmaTxCompleteCallback
 .mcal_text     0x0040597e       0x1e ./RTD/src/OsIf_Timer.o
                0x0040597e                OsIf_Init
                0x00405986                OsIf_GetCounter
                0x0040598a                OsIf_GetElapsed
                0x00405992                OsIf_SetTimerFrequency
                0x00405994                OsIf_MicrosToTicks
 .mcal_text     0x0040599c       0x42 ./RTD/src/OsIf_Timer_System_Internal_Systick.o
                0x0040599c                OsIf_Timer_System_Internal_Init
                0x004059b2                OsIf_Timer_System_Internal_GetCounter
                0x004059be                OsIf_Timer_System_Internal_GetElapsed
 *fill*         0x004059de        0x2 
 .mcal_text     0x004059e0     0x125c ./RTD/src/SchM_Mcl.o
                0x004059e0                SchM_Enter_Mcl_MCL_EXCLUSIVE_AREA_00
                0x00405a14                SchM_Exit_Mcl_MCL_EXCLUSIVE_AREA_00
                0x00405a44                SchM_Enter_Mcl_MCL_EXCLUSIVE_AREA_01
                0x00405a78                SchM_Exit_Mcl_MCL_EXCLUSIVE_AREA_01
                0x00405aa8                SchM_Enter_Mcl_MCL_EXCLUSIVE_AREA_02
                0x00405adc                SchM_Exit_Mcl_MCL_EXCLUSIVE_AREA_02
                0x00405b0c                SchM_Enter_Mcl_MCL_EXCLUSIVE_AREA_03
                0x00405b40                SchM_Exit_Mcl_MCL_EXCLUSIVE_AREA_03
                0x00405b70                SchM_Enter_Mcl_MCL_EXCLUSIVE_AREA_04
                0x00405ba4                SchM_Exit_Mcl_MCL_EXCLUSIVE_AREA_04
                0x00405bd4                SchM_Enter_Mcl_MCL_EXCLUSIVE_AREA_05
                0x00405c08                SchM_Exit_Mcl_MCL_EXCLUSIVE_AREA_05
                0x00405c38                SchM_Enter_Mcl_MCL_EXCLUSIVE_AREA_06
                0x00405c6c                SchM_Exit_Mcl_MCL_EXCLUSIVE_AREA_06
                0x00405c9c                SchM_Enter_Mcl_MCL_EXCLUSIVE_AREA_07
                0x00405cd0                SchM_Exit_Mcl_MCL_EXCLUSIVE_AREA_07
                0x00405d00                SchM_Enter_Mcl_MCL_EXCLUSIVE_AREA_08
                0x00405d34                SchM_Exit_Mcl_MCL_EXCLUSIVE_AREA_08
                0x00405d64                SchM_Enter_Mcl_MCL_EXCLUSIVE_AREA_09
                0x00405d98                SchM_Exit_Mcl_MCL_EXCLUSIVE_AREA_09
                0x00405dc8                SchM_Enter_Mcl_MCL_EXCLUSIVE_AREA_10
                0x00405dfc                SchM_Exit_Mcl_MCL_EXCLUSIVE_AREA_10
                0x00405e2c                SchM_Enter_Mcl_MCL_EXCLUSIVE_AREA_11
                0x00405e60                SchM_Exit_Mcl_MCL_EXCLUSIVE_AREA_11
                0x00405e90                SchM_Enter_Mcl_MCL_EXCLUSIVE_AREA_12
                0x00405ec4                SchM_Exit_Mcl_MCL_EXCLUSIVE_AREA_12
                0x00405ef4                SchM_Enter_Mcl_MCL_EXCLUSIVE_AREA_13
                0x00405f28                SchM_Exit_Mcl_MCL_EXCLUSIVE_AREA_13
                0x00405f58                SchM_Enter_Mcl_MCL_EXCLUSIVE_AREA_14
                0x00405f8c                SchM_Exit_Mcl_MCL_EXCLUSIVE_AREA_14
                0x00405fbc                SchM_Enter_Mcl_MCL_EXCLUSIVE_AREA_15
                0x00405ff0                SchM_Exit_Mcl_MCL_EXCLUSIVE_AREA_15
                0x00406020                SchM_Enter_Mcl_MCL_EXCLUSIVE_AREA_16
                0x00406054                SchM_Exit_Mcl_MCL_EXCLUSIVE_AREA_16
                0x00406084                SchM_Enter_Mcl_MCL_EXCLUSIVE_AREA_17
                0x004060b8                SchM_Exit_Mcl_MCL_EXCLUSIVE_AREA_17
                0x004060e8                SchM_Enter_Mcl_MCL_EXCLUSIVE_AREA_18
                0x0040611c                SchM_Exit_Mcl_MCL_EXCLUSIVE_AREA_18
                0x0040614c                SchM_Enter_Mcl_MCL_EXCLUSIVE_AREA_19
                0x00406180                SchM_Exit_Mcl_MCL_EXCLUSIVE_AREA_19
                0x004061b0                SchM_Enter_Mcl_MCL_EXCLUSIVE_AREA_20
                0x004061e4                SchM_Exit_Mcl_MCL_EXCLUSIVE_AREA_20
                0x00406214                SchM_Enter_Mcl_MCL_EXCLUSIVE_AREA_21
                0x00406248                SchM_Exit_Mcl_MCL_EXCLUSIVE_AREA_21
                0x00406278                SchM_Enter_Mcl_MCL_EXCLUSIVE_AREA_22
                0x004062ac                SchM_Exit_Mcl_MCL_EXCLUSIVE_AREA_22
                0x004062dc                SchM_Enter_Mcl_MCL_EXCLUSIVE_AREA_23
                0x00406310                SchM_Exit_Mcl_MCL_EXCLUSIVE_AREA_23
                0x00406340                SchM_Enter_Mcl_MCL_EXCLUSIVE_AREA_24
                0x00406374                SchM_Exit_Mcl_MCL_EXCLUSIVE_AREA_24
                0x004063a4                SchM_Enter_Mcl_MCL_EXCLUSIVE_AREA_25
                0x004063d8                SchM_Exit_Mcl_MCL_EXCLUSIVE_AREA_25
                0x00406408                SchM_Enter_Mcl_MCL_EXCLUSIVE_AREA_26
                0x0040643c                SchM_Exit_Mcl_MCL_EXCLUSIVE_AREA_26
                0x0040646c                SchM_Enter_Mcl_MCL_EXCLUSIVE_AREA_27
                0x004064a0                SchM_Exit_Mcl_MCL_EXCLUSIVE_AREA_27
                0x004064d0                SchM_Enter_Mcl_MCL_EXCLUSIVE_AREA_28
                0x00406504                SchM_Exit_Mcl_MCL_EXCLUSIVE_AREA_28
                0x00406534                SchM_Enter_Mcl_MCL_EXCLUSIVE_AREA_29
                0x00406568                SchM_Exit_Mcl_MCL_EXCLUSIVE_AREA_29
                0x00406598                SchM_Enter_Mcl_MCL_EXCLUSIVE_AREA_30
                0x004065cc                SchM_Exit_Mcl_MCL_EXCLUSIVE_AREA_30
                0x004065fc                SchM_Enter_Mcl_MCL_EXCLUSIVE_AREA_31
                0x00406630                SchM_Exit_Mcl_MCL_EXCLUSIVE_AREA_31
                0x00406660                SchM_Enter_Mcl_MCL_EXCLUSIVE_AREA_32
                0x00406694                SchM_Exit_Mcl_MCL_EXCLUSIVE_AREA_32
                0x004066c4                SchM_Enter_Mcl_MCL_EXCLUSIVE_AREA_33
                0x004066f8                SchM_Exit_Mcl_MCL_EXCLUSIVE_AREA_33
                0x00406728                SchM_Enter_Mcl_MCL_EXCLUSIVE_AREA_34
                0x0040675c                SchM_Exit_Mcl_MCL_EXCLUSIVE_AREA_34
                0x0040678c                SchM_Enter_Mcl_MCL_EXCLUSIVE_AREA_35
                0x004067c0                SchM_Exit_Mcl_MCL_EXCLUSIVE_AREA_35
                0x004067f0                SchM_Enter_Mcl_MCL_EXCLUSIVE_AREA_36
                0x00406824                SchM_Exit_Mcl_MCL_EXCLUSIVE_AREA_36
                0x00406854                SchM_Enter_Mcl_MCL_EXCLUSIVE_AREA_37
                0x00406888                SchM_Exit_Mcl_MCL_EXCLUSIVE_AREA_37
                0x004068b8                SchM_Enter_Mcl_MCL_EXCLUSIVE_AREA_38
                0x004068ec                SchM_Exit_Mcl_MCL_EXCLUSIVE_AREA_38
                0x0040691c                SchM_Enter_Mcl_MCL_EXCLUSIVE_AREA_39
                0x00406950                SchM_Exit_Mcl_MCL_EXCLUSIVE_AREA_39
                0x00406980                SchM_Enter_Mcl_MCL_EXCLUSIVE_AREA_40
                0x004069b4                SchM_Exit_Mcl_MCL_EXCLUSIVE_AREA_40
                0x004069e4                SchM_Enter_Mcl_MCL_EXCLUSIVE_AREA_41
                0x00406a18                SchM_Exit_Mcl_MCL_EXCLUSIVE_AREA_41
                0x00406a48                SchM_Enter_Mcl_MCL_EXCLUSIVE_AREA_42
                0x00406a7c                SchM_Exit_Mcl_MCL_EXCLUSIVE_AREA_42
                0x00406aac                SchM_Enter_Mcl_MCL_EXCLUSIVE_AREA_43
                0x00406ae0                SchM_Exit_Mcl_MCL_EXCLUSIVE_AREA_43
                0x00406b10                SchM_Enter_Mcl_MCL_EXCLUSIVE_AREA_44
                0x00406b44                SchM_Exit_Mcl_MCL_EXCLUSIVE_AREA_44
                0x00406b74                SchM_Enter_Mcl_MCL_EXCLUSIVE_AREA_45
                0x00406ba8                SchM_Exit_Mcl_MCL_EXCLUSIVE_AREA_45
                0x00406bd8                SchM_Enter_Mcl_MCL_EXCLUSIVE_AREA_46
                0x00406c0c                SchM_Exit_Mcl_MCL_EXCLUSIVE_AREA_46
 .mcal_text     0x00406c3c      0x12c ./RTD/src/SchM_Mcu.o
                0x00406c3c                SchM_Enter_Mcu_MCU_EXCLUSIVE_AREA_00
                0x00406c70                SchM_Exit_Mcu_MCU_EXCLUSIVE_AREA_00
                0x00406ca0                SchM_Enter_Mcu_MCU_EXCLUSIVE_AREA_01
                0x00406cd4                SchM_Exit_Mcu_MCU_EXCLUSIVE_AREA_01
                0x00406d04                SchM_Enter_Mcu_MCU_EXCLUSIVE_AREA_02
                0x00406d38                SchM_Exit_Mcu_MCU_EXCLUSIVE_AREA_02
 .mcal_text     0x00406d68      0xaf0 ./RTD/src/SchM_Port.o
                0x00406d68                SchM_Enter_Port_PORT_EXCLUSIVE_AREA_00
                0x00406d9c                SchM_Exit_Port_PORT_EXCLUSIVE_AREA_00
                0x00406dcc                SchM_Enter_Port_PORT_EXCLUSIVE_AREA_01
                0x00406e00                SchM_Exit_Port_PORT_EXCLUSIVE_AREA_01
                0x00406e30                SchM_Enter_Port_PORT_EXCLUSIVE_AREA_02
                0x00406e64                SchM_Exit_Port_PORT_EXCLUSIVE_AREA_02
                0x00406e94                SchM_Enter_Port_PORT_EXCLUSIVE_AREA_03
                0x00406ec8                SchM_Exit_Port_PORT_EXCLUSIVE_AREA_03
                0x00406ef8                SchM_Enter_Port_PORT_EXCLUSIVE_AREA_04
                0x00406f2c                SchM_Exit_Port_PORT_EXCLUSIVE_AREA_04
                0x00406f5c                SchM_Enter_Port_PORT_EXCLUSIVE_AREA_05
                0x00406f90                SchM_Exit_Port_PORT_EXCLUSIVE_AREA_05
                0x00406fc0                SchM_Enter_Port_PORT_EXCLUSIVE_AREA_06
                0x00406ff4                SchM_Exit_Port_PORT_EXCLUSIVE_AREA_06
                0x00407024                SchM_Enter_Port_PORT_EXCLUSIVE_AREA_07
                0x00407058                SchM_Exit_Port_PORT_EXCLUSIVE_AREA_07
                0x00407088                SchM_Enter_Port_PORT_EXCLUSIVE_AREA_08
                0x004070bc                SchM_Exit_Port_PORT_EXCLUSIVE_AREA_08
                0x004070ec                SchM_Enter_Port_PORT_EXCLUSIVE_AREA_09
                0x00407120                SchM_Exit_Port_PORT_EXCLUSIVE_AREA_09
                0x00407150                SchM_Enter_Port_PORT_EXCLUSIVE_AREA_10
                0x00407184                SchM_Exit_Port_PORT_EXCLUSIVE_AREA_10
                0x004071b4                SchM_Enter_Port_PORT_EXCLUSIVE_AREA_11
                0x004071e8                SchM_Exit_Port_PORT_EXCLUSIVE_AREA_11
                0x00407218                SchM_Enter_Port_PORT_EXCLUSIVE_AREA_12
                0x0040724c                SchM_Exit_Port_PORT_EXCLUSIVE_AREA_12
                0x0040727c                SchM_Enter_Port_PORT_EXCLUSIVE_AREA_13
                0x004072b0                SchM_Exit_Port_PORT_EXCLUSIVE_AREA_13
                0x004072e0                SchM_Enter_Port_PORT_EXCLUSIVE_AREA_14
                0x00407314                SchM_Exit_Port_PORT_EXCLUSIVE_AREA_14
                0x00407344                SchM_Enter_Port_PORT_EXCLUSIVE_AREA_15
                0x00407378                SchM_Exit_Port_PORT_EXCLUSIVE_AREA_15
                0x004073a8                SchM_Enter_Port_PORT_EXCLUSIVE_AREA_16
                0x004073dc                SchM_Exit_Port_PORT_EXCLUSIVE_AREA_16
                0x0040740c                SchM_Enter_Port_PORT_EXCLUSIVE_AREA_17
                0x00407440                SchM_Exit_Port_PORT_EXCLUSIVE_AREA_17
                0x00407470                SchM_Enter_Port_PORT_EXCLUSIVE_AREA_18
                0x004074a4                SchM_Exit_Port_PORT_EXCLUSIVE_AREA_18
                0x004074d4                SchM_Enter_Port_PORT_EXCLUSIVE_AREA_19
                0x00407508                SchM_Exit_Port_PORT_EXCLUSIVE_AREA_19
                0x00407538                SchM_Enter_Port_PORT_EXCLUSIVE_AREA_20
                0x0040756c                SchM_Exit_Port_PORT_EXCLUSIVE_AREA_20
                0x0040759c                SchM_Enter_Port_PORT_EXCLUSIVE_AREA_21
                0x004075d0                SchM_Exit_Port_PORT_EXCLUSIVE_AREA_21
                0x00407600                SchM_Enter_Port_PORT_EXCLUSIVE_AREA_22
                0x00407634                SchM_Exit_Port_PORT_EXCLUSIVE_AREA_22
                0x00407664                SchM_Enter_Port_PORT_EXCLUSIVE_AREA_23
                0x00407698                SchM_Exit_Port_PORT_EXCLUSIVE_AREA_23
                0x004076c8                SchM_Enter_Port_PORT_EXCLUSIVE_AREA_24
                0x004076fc                SchM_Exit_Port_PORT_EXCLUSIVE_AREA_24
                0x0040772c                SchM_Enter_Port_PORT_EXCLUSIVE_AREA_25
                0x00407760                SchM_Exit_Port_PORT_EXCLUSIVE_AREA_25
                0x00407790                SchM_Enter_Port_PORT_EXCLUSIVE_AREA_26
                0x004077c4                SchM_Exit_Port_PORT_EXCLUSIVE_AREA_26
                0x004077f4                SchM_Enter_Port_PORT_EXCLUSIVE_AREA_27
                0x00407828                SchM_Exit_Port_PORT_EXCLUSIVE_AREA_27
 .mcal_text     0x00407858      0x514 ./RTD/src/SchM_Rm.o
                0x00407858                SchM_Enter_Rm_RM_EXCLUSIVE_AREA_00
                0x0040788c                SchM_Exit_Rm_RM_EXCLUSIVE_AREA_00
                0x004078bc                SchM_Enter_Rm_RM_EXCLUSIVE_AREA_01
                0x004078f0                SchM_Exit_Rm_RM_EXCLUSIVE_AREA_01
                0x00407920                SchM_Enter_Rm_RM_EXCLUSIVE_AREA_02
                0x00407954                SchM_Exit_Rm_RM_EXCLUSIVE_AREA_02
                0x00407984                SchM_Enter_Rm_RM_EXCLUSIVE_AREA_03
                0x004079b8                SchM_Exit_Rm_RM_EXCLUSIVE_AREA_03
                0x004079e8                SchM_Enter_Rm_RM_EXCLUSIVE_AREA_04
                0x00407a1c                SchM_Exit_Rm_RM_EXCLUSIVE_AREA_04
                0x00407a4c                SchM_Enter_Rm_RM_EXCLUSIVE_AREA_05
                0x00407a80                SchM_Exit_Rm_RM_EXCLUSIVE_AREA_05
                0x00407ab0                SchM_Enter_Rm_RM_EXCLUSIVE_AREA_06
                0x00407ae4                SchM_Exit_Rm_RM_EXCLUSIVE_AREA_06
                0x00407b14                SchM_Enter_Rm_RM_EXCLUSIVE_AREA_07
                0x00407b48                SchM_Exit_Rm_RM_EXCLUSIVE_AREA_07
                0x00407b78                SchM_Enter_Rm_RM_EXCLUSIVE_AREA_08
                0x00407bac                SchM_Exit_Rm_RM_EXCLUSIVE_AREA_08
                0x00407bdc                SchM_Enter_Rm_RM_EXCLUSIVE_AREA_09
                0x00407c10                SchM_Exit_Rm_RM_EXCLUSIVE_AREA_09
                0x00407c40                SchM_Enter_Rm_RM_EXCLUSIVE_AREA_10
                0x00407c74                SchM_Exit_Rm_RM_EXCLUSIVE_AREA_10
                0x00407ca4                SchM_Enter_Rm_RM_EXCLUSIVE_AREA_11
                0x00407cd8                SchM_Exit_Rm_RM_EXCLUSIVE_AREA_11
                0x00407d08                SchM_Enter_Rm_RM_EXCLUSIVE_AREA_12
                0x00407d3c                SchM_Exit_Rm_RM_EXCLUSIVE_AREA_12
 .mcal_text     0x00407d6c      0x384 ./RTD/src/SchM_Uart.o
                0x00407d6c                SchM_Enter_Uart_UART_EXCLUSIVE_AREA_00
                0x00407da0                SchM_Exit_Uart_UART_EXCLUSIVE_AREA_00
                0x00407dd0                SchM_Enter_Uart_UART_EXCLUSIVE_AREA_01
                0x00407e04                SchM_Exit_Uart_UART_EXCLUSIVE_AREA_01
                0x00407e34                SchM_Enter_Uart_UART_EXCLUSIVE_AREA_02
                0x00407e68                SchM_Exit_Uart_UART_EXCLUSIVE_AREA_02
                0x00407e98                SchM_Enter_Uart_UART_EXCLUSIVE_AREA_03
                0x00407ecc                SchM_Exit_Uart_UART_EXCLUSIVE_AREA_03
                0x00407efc                SchM_Enter_Uart_UART_EXCLUSIVE_AREA_04
                0x00407f30                SchM_Exit_Uart_UART_EXCLUSIVE_AREA_04
                0x00407f60                SchM_Enter_Uart_UART_EXCLUSIVE_AREA_05
                0x00407f94                SchM_Exit_Uart_UART_EXCLUSIVE_AREA_05
                0x00407fc4                SchM_Enter_Uart_UART_EXCLUSIVE_AREA_06
                0x00407ff8                SchM_Exit_Uart_UART_EXCLUSIVE_AREA_06
                0x00408028                SchM_Enter_Uart_UART_EXCLUSIVE_AREA_07
                0x0040805c                SchM_Exit_Uart_UART_EXCLUSIVE_AREA_07
                0x0040808c                SchM_Enter_Uart_UART_EXCLUSIVE_AREA_08
                0x004080c0                SchM_Exit_Uart_UART_EXCLUSIVE_AREA_08
 .mcal_text     0x004080f0      0x458 ./RTD/src/Siul2_Port_Ip.o
                0x00408244                Siul2_Port_Ip_Init
                0x00408274                Siul2_Port_Ip_SetPullSel
                0x004082d0                Siul2_Port_Ip_SetOutputBuffer
                0x00408336                Siul2_Port_Ip_SetInputBuffer
                0x004083a6                Siul2_Port_Ip_SetPinDirection
                0x0040841e                Siul2_Port_Ip_RevertPinConfiguration
                0x00408480                Siul2_Port_Ip_GetPinConfiguration
 .mcal_text     0x00408548       0xd0 ./RTD/src/Tspc_Port_Ip.o
                0x00408548                Tspc_Port_Ip_EnableObeGroup
                0x00408578                Tspc_Port_Ip_ConfigureObeGroup
 .mcal_text     0x00408618       0x14 ./src/main.o
                0x00408618                Lpuart3_Callback
                0x0040862c                . = ALIGN (0x4)
 *(.acmcu_code_rom)
                0x0040862c                . = ALIGN (0x4)
                0x0040862c                __acfls_code_rom_start = .
 *(.acfls_code_rom)
                0x0040862c                . = ALIGN (0x4)
 *(.acmem_43_INFLS_code_rom)
                0x0040862c                . = ALIGN (0x4)
                0x0040862c                __acfls_code_rom_end = .
 *(.init)
                0x0040862c                . = ALIGN (0x4)
 *(.fini)
                0x0040862c                . = ALIGN (0x4)
 *(.rodata)
 .rodata        0x0040862c        0x3 ./RTD/src/Clock_Ip_IntOsc.o
 *fill*         0x0040862f        0x1 
 .rodata        0x00408630       0x80 ./RTD/src/Dma_Ip.o
 .rodata        0x004086b0       0x64 ./RTD/src/Dma_Ip_Driver_State.o
 .rodata        0x00408714      0x160 ./RTD/src/Dma_Ip_Hw_Access.o
 .rodata        0x00408874       0x80 ./RTD/src/Dma_Ip_Irq.o
 .rodata        0x004088f4       0x30 ./RTD/src/Lpuart_Uart_Ip.o
 .rodata        0x00408924        0x4 ./RTD/src/Siul2_Port_Ip.o
                0x00408924                Port_au32Siul2BaseAddr
 *(.rodata*)
                0x00408928                . = ALIGN (0x4)
 *(.mcal_const_cfg)
 .mcal_const_cfg
                0x00408928      0x2f0 ./board/Siul2_Port_Ip_Cfg.o
                0x00408928                g_pin_mux_InitConfigArr0
 .mcal_const_cfg
                0x00408c18        0x4 ./generate/src/CDD_Rm_Ipw_PBcfg.o
                0x00408c18                Rm_Ipw_Config
 .mcal_const_cfg
                0x00408c1c        0x4 ./generate/src/CDD_Rm_PBcfg.o
                0x00408c1c                Rm_Config
 .mcal_const_cfg
                0x00408c20      0x5f0 ./generate/src/Clock_Ip_Cfg.o
                0x00408c20                Clock_Ip_aClockConfig
 .mcal_const_cfg
                0x00409210       0x74 ./generate/src/Dma_Ip_Cfg.o
                0x00409210                Dma_Ip_xLogicChannelResetConfig
                0x0040922c                TransferResetConfig
                0x00409268                GlobalResetConfig
                0x00409274                Dma_Ip_xLogicInstanceResetConfig
 .mcal_const_cfg
                0x00409284       0x7c ./generate/src/Dma_Ip_PBcfg.o
                0x00409284                Dma_Ip_xDmaInitPB
                0x00409298                Dma_Ip_paxLogicChannelConfigArrayPB
                0x004092a0                LogicChannel1ConfigPB
                0x004092bc                LogicChannel0ConfigPB
                0x004092d8                LogicChannel1GlobalConfigPB
                0x004092e1                LogicChannel0GlobalConfigPB
                0x004092ec                Dma_Ip_paxLogicInstanceConfigArrayPB
                0x004092f0                LogicInstance0ConfigPB
 .mcal_const_cfg
                0x00409300        0xe ./generate/src/Dma_Mux_Ip_PBcfg.o
                0x00409300                Dma_Mux_Config
 *fill*         0x0040930e        0x2 
 .mcal_const_cfg
                0x00409310       0x2c ./generate/src/IntCtrl_Ip_Cfg.o
                0x00409310                IntCtrlConfig_0
 .mcal_const_cfg
                0x0040933c       0x30 ./generate/src/Lpuart_Uart_Ip_Sa_PBcfg.o
                0x0040933c                Lpuart_Uart_Ip_xHwConfigPB_3
                0x0040936c                . = ALIGN (0x4)
 *(.mcal_const)
 .mcal_const    0x0040936c     0x10e4 ./RTD/src/Clock_Ip_Data.o
                0x0040936c                Clock_Ip_axGateInfo
                0x00409a44                Clock_Ip_axFeatureExtensions
                0x00409c64                Clock_Ip_aeHwDfsName
                0x00409c68                Clock_Ip_aeHwPllName
                0x00409c6c                Clock_Ip_aeSourceTypeClockName
                0x00409cc4                Clock_Ip_apxMcMeTriggerPartitions
                0x00409cd4                Clock_Ip_apxMcMeGetPartitions
                0x00409ce4                Clock_Ip_apxMcMeSetPartitions
                0x00409cf4                Clock_Ip_axCmuInfo
                0x00409d64                Clock_Ip_aeCmuNames
                0x00409d80                Clock_Ip_apxCmu
                0x00409d9c                Clock_Ip_apxPll
                0x00409dac                Clock_Ip_apxXosc
                0x00409db4                Clock_Ip_apxCgmPcfs
                0x00409db8                Clock_Ip_apxCgm
                0x00409e08                Clock_Ip_au16SelectorEntryRtcHardwareValue
                0x00409e34                Clock_Ip_au16SelectorEntryHardwareValue
                0x00409e60                Clock_Ip_au8SoftwareMuxResetValue
                0x00409eef                Clock_Ip_au8ClockFeatures
                0x0040a3f6                Clock_Ip_au8CmuCallbackIndex
                0x0040a3ff                Clock_Ip_au8PcfsCallbackIndex
                0x0040a408                Clock_Ip_au8SelectorCallbackIndex
                0x0040a411                Clock_Ip_au8PllCallbackIndex
                0x0040a41a                Clock_Ip_au8FractionalDividerCallbackIndex
                0x0040a423                Clock_Ip_au8GateCallbackIndex
                0x0040a42c                Clock_Ip_au8IrcoscCallbackIndex
                0x0040a435                Clock_Ip_au8XoscCallbackIndex
                0x0040a43e                Clock_Ip_au8DividerTriggerCallbackIndex
                0x0040a447                Clock_Ip_au8DividerCallbackIndex
 .mcal_const    0x0040a450       0x10 ./RTD/src/Clock_Ip_Divider.o
                0x0040a450                Clock_Ip_axDividerCallbacks
 .mcal_const    0x0040a460       0x10 ./RTD/src/Clock_Ip_DividerTrigger.o
                0x0040a460                Clock_Ip_axDividerTriggerCallbacks
 .mcal_const    0x0040a470       0x3c ./RTD/src/Clock_Ip_ExtOsc.o
                0x0040a470                Clock_Ip_axExtOscCallbacks
 .mcal_const    0x0040a4ac        0xc ./RTD/src/Clock_Ip_FracDiv.o
                0x0040a4ac                Clock_Ip_axFracDivCallbacks
 .mcal_const    0x0040a4b8       0x10 ./RTD/src/Clock_Ip_Gate.o
                0x0040a4b8                Clock_Ip_axGateCallbacks
 .mcal_const    0x0040a4c8       0x30 ./RTD/src/Clock_Ip_IntOsc.o
                0x0040a4c8                Clock_Ip_axIntOscCallbacks
 .mcal_const    0x0040a4f8       0x20 ./RTD/src/Clock_Ip_Monitor.o
                0x0040a4f8                Clock_Ip_axCmuCallbacks
 .mcal_const    0x0040a518       0x28 ./RTD/src/Clock_Ip_Pll.o
                0x0040a518                Clock_Ip_axPllCallbacks
 .mcal_const    0x0040a540        0x8 ./RTD/src/Clock_Ip_ProgFreqSwitch.o
                0x0040a540                Clock_Ip_axPcfsCallbacks
 .mcal_const    0x0040a548       0x28 ./RTD/src/Clock_Ip_Selector.o
                0x0040a548                Clock_Ip_axSelectorCallbacks
 .mcal_const    0x0040a570        0x8 ./RTD/src/Dma_Mux_Ip.o
 .mcal_const    0x0040a578       0x40 ./RTD/src/Lpuart_Uart_Ip.o
                0x0040a5b8                . = ALIGN (0x4)
                0x0040a5b8                __init_table = .
 *(.init_table)
 .init_table    0x0040a5b8       0x4c ./Project_Settings/Startup_Code/startup_cm7.o
                0x0040a604                . = ALIGN (0x4)
                0x0040a604                __zero_table = .
 *(.zero_table)
 .zero_table    0x0040a604       0x1c ./Project_Settings/Startup_Code/startup_cm7.o

.glue_7         0x0040a620        0x0
 .glue_7        0x0040a620        0x0 linker stubs

.glue_7t        0x0040a620        0x0
 .glue_7t       0x0040a620        0x0 linker stubs

.vfp11_veneer   0x0040a620        0x0
 .vfp11_veneer  0x0040a620        0x0 linker stubs

.v4_bx          0x0040a620        0x0
 .v4_bx         0x0040a620        0x0 linker stubs

.iplt           0x0040a620        0x0
 .iplt          0x0040a620        0x0 ./Project_Settings/Startup_Code/Vector_Table.o

.igot.plt       0x0040a620        0x0
 .igot.plt      0x0040a620        0x0 ./Project_Settings/Startup_Code/Vector_Table.o

.rel.dyn        0x0040a620        0x0
 .rel.iplt      0x0040a620        0x0 ./Project_Settings/Startup_Code/Vector_Table.o
                0x0040a620                . = ALIGN (0x4)
                0x0040a620                __text_end = .
                0x0040a620                __sram_data_rom = __text_end

.sram_bss       0x20400000      0x15c
                0x20400000                . = ALIGN (0x8)
                0x20400000                __standby_ram_begin__ = .
 *(.standby_data)
                0x20400000                . = ALIGN (0x8)
                0x20400000                __standby_ram_end__ = .
                0x20400000                . = ALIGN (0x10)
                0x20400000                __sram_bss_start = .
 *(.bss)
 .bss           0x20400000        0x0 ./Project_Settings/Startup_Code/Vector_Table.o
 .bss           0x20400000        0x0 ./Project_Settings/Startup_Code/exceptions.o
 .bss           0x20400000        0x0 ./Project_Settings/Startup_Code/nvic.o
 .bss           0x20400000        0x0 ./Project_Settings/Startup_Code/startup.o
 .bss           0x20400000        0x0 ./Project_Settings/Startup_Code/startup_cm7.o
 .bss           0x20400000       0x78 ./Project_Settings/Startup_Code/system.o
                0x20400000                rbar
                0x2040003c                rasr
 .bss           0x20400078        0x0 ./RTD/src/Axbs_Ip.o
 .bss           0x20400078        0x0 ./RTD/src/CDD_Rm.o
 .bss           0x20400078        0x0 ./RTD/src/CDD_Rm_Ipw.o
 .bss           0x20400078        0x0 ./RTD/src/Clock_Ip.o
 .bss           0x20400078        0x0 ./RTD/src/Clock_Ip_Data.o
 .bss           0x20400078        0x0 ./RTD/src/Clock_Ip_Divider.o
 .bss           0x20400078        0x0 ./RTD/src/Clock_Ip_DividerTrigger.o
 .bss           0x20400078        0x0 ./RTD/src/Clock_Ip_ExtOsc.o
 .bss           0x20400078        0x0 ./RTD/src/Clock_Ip_FracDiv.o
 .bss           0x20400078        0x0 ./RTD/src/Clock_Ip_Frequency.o
 .bss           0x20400078        0x0 ./RTD/src/Clock_Ip_Gate.o
 .bss           0x20400078        0x0 ./RTD/src/Clock_Ip_IntOsc.o
 .bss           0x20400078        0x0 ./RTD/src/Clock_Ip_Irq.o
 .bss           0x20400078        0x0 ./RTD/src/Clock_Ip_Monitor.o
 .bss           0x20400078        0x0 ./RTD/src/Clock_Ip_Pll.o
 .bss           0x20400078        0x0 ./RTD/src/Clock_Ip_ProgFreqSwitch.o
 .bss           0x20400078        0x0 ./RTD/src/Clock_Ip_Selector.o
 .bss           0x20400078        0x0 ./RTD/src/Clock_Ip_Specific.o
 .bss           0x20400078        0x0 ./RTD/src/Det.o
 .bss           0x20400078        0x0 ./RTD/src/Det_stub.o
 .bss           0x20400078        0x0 ./RTD/src/Dma_Ip.o
 .bss           0x20400078        0x0 ./RTD/src/Dma_Ip_Driver_State.o
 .bss           0x20400078        0x0 ./RTD/src/Dma_Ip_Hw_Access.o
 .bss           0x20400078        0x0 ./RTD/src/Dma_Ip_Irq.o
 .bss           0x20400078        0x0 ./RTD/src/Dma_Ip_Multicore.o
 .bss           0x20400078        0x0 ./RTD/src/Dma_Mux_Ip.o
 .bss           0x20400078        0x0 ./RTD/src/Igf_Port_Ip.o
 .bss           0x20400078        0x0 ./RTD/src/IntCtrl_Ip.o
 .bss           0x20400078        0x0 ./RTD/src/Lpuart_Uart_Ip.o
 .bss           0x20400078        0x0 ./RTD/src/Lpuart_Uart_Ip_Irq.o
 .bss           0x20400078        0x0 ./RTD/src/Mscm_Ip.o
 .bss           0x20400078        0x0 ./RTD/src/OsIf_Interrupts.o
 .bss           0x20400078        0x0 ./RTD/src/OsIf_Timer.o
 .bss           0x20400078        0x0 ./RTD/src/OsIf_Timer_System.o
 .bss           0x20400078        0x0 ./RTD/src/OsIf_Timer_System_Internal_Systick.o
 .bss           0x20400078        0x0 ./RTD/src/Pflash_Ip.o
 .bss           0x20400078        0x0 ./RTD/src/SchM_Mcl.o
 .bss           0x20400078        0x0 ./RTD/src/SchM_Mcu.o
 .bss           0x20400078        0x0 ./RTD/src/SchM_Port.o
 .bss           0x20400078        0x0 ./RTD/src/SchM_Rm.o
 .bss           0x20400078        0x0 ./RTD/src/SchM_Uart.o
 .bss           0x20400078        0x0 ./RTD/src/Sema42_Ip.o
 .bss           0x20400078        0x0 ./RTD/src/Siul2_Port_Ip.o
 .bss           0x20400078        0x0 ./RTD/src/Tspc_Port_Ip.o
 .bss           0x20400078        0x0 ./RTD/src/Virt_Wrapper_Ip.o
 .bss           0x20400078        0x0 ./RTD/src/Xbic_Ip.o
 .bss           0x20400078        0x0 ./RTD/src/Xrdc_Ip.o
 .bss           0x20400078        0x0 ./board/Siul2_Port_Ip_Cfg.o
 .bss           0x20400078        0x0 ./board/Tspc_Port_Ip_Cfg.o
 .bss           0x20400078        0x0 ./generate/src/Axbs_Ip_PBcfg.o
 .bss           0x20400078        0x0 ./generate/src/CDD_Rm_Cfg.o
 .bss           0x20400078        0x0 ./generate/src/CDD_Rm_Ipw_PBcfg.o
 .bss           0x20400078        0x0 ./generate/src/CDD_Rm_PBcfg.o
 .bss           0x20400078        0x0 ./generate/src/Clock_Ip_Cfg.o
 .bss           0x20400078        0x0 ./generate/src/Dma_Ip_Cfg.o
 .bss           0x20400078        0x0 ./generate/src/Dma_Ip_PBcfg.o
 .bss           0x20400078        0x0 ./generate/src/Dma_Mux_Ip_PBcfg.o
 .bss           0x20400078        0x0 ./generate/src/Igf_Port_Ip_Cfg.o
 .bss           0x20400078        0x0 ./generate/src/IntCtrl_Ip_Cfg.o
 .bss           0x20400078        0x0 ./generate/src/Lpuart_Uart_Ip_Sa_PBcfg.o
 .bss           0x20400078        0x0 ./generate/src/Mscm_Ip_PBcfg.o
 .bss           0x20400078        0x0 ./generate/src/OsIf_Cfg.o
 .bss           0x20400078        0x0 ./generate/src/Pflash_Ip_Cfg.o
 .bss           0x20400078        0x0 ./generate/src/Pflash_Ip_PBcfg.o
 .bss           0x20400078        0x0 ./generate/src/Virt_Wrapper_Ip_PBcfg.o
 .bss           0x20400078        0x0 ./generate/src/Xbic_Ip_PBcfg.o
 .bss           0x20400078        0x0 ./generate/src/Xrdc_Ip_Cfg.o
 .bss           0x20400078        0x0 ./generate/src/Xrdc_Ip_PBcfg.o
 .bss           0x20400078       0x10 ./src/main.o
                0x20400078                i
                0x2040007c                remainingByte1
                0x20400080                remainingByte
                0x20400084                exit_code
 .bss           0x20400088        0x0 d:/s32_platform/s32ds/build_tools/gcc_v10.2/gcc-10.2-arm32-eabi/bin/../lib/gcc/arm-none-eabi/10.2.0/../../../../arm-none-eabi/lib/thumb/v7e-m+fp/hard\libc_nano.a(lib_a-memmove.o)
 .bss           0x20400088        0x0 d:/s32_platform/s32ds/build_tools/gcc_v10.2/gcc-10.2-arm32-eabi/bin/../lib/gcc/arm-none-eabi/10.2.0/../../../../arm-none-eabi/lib/thumb/v7e-m+fp/hard\libc_nano.a(lib_a-memset.o)
 *(.bss*)
                0x20400090                . = ALIGN (0x10)
 *fill*         0x20400088        0x8 
 *(.mcal_bss)
 .mcal_bss      0x20400090        0x4 ./Project_Settings/Startup_Code/system.o
                0x20400090                RESET_CATCH_CORE
 .mcal_bss      0x20400094        0x4 ./RTD/src/CDD_Rm.o
 .mcal_bss      0x20400098       0x99 ./RTD/src/Clock_Ip.o
                0x2040009c                Clock_Ip_FreqIds
                0x2040012c                Clock_Ip_pxConfig
 *fill*         0x20400131        0x3 
 .mcal_bss      0x20400134       0x10 ./RTD/src/Clock_Ip_Monitor.o
 .mcal_bss      0x20400144        0x4 ./RTD/src/Clock_Ip_ProgFreqSwitch.o
 .mcal_bss      0x20400148        0xc ./RTD/src/Clock_Ip_Specific.o
 .mcal_bss      0x20400154        0x8 ./RTD/src/Siul2_Port_Ip.o
                0x2040015c                . = ALIGN (0x4)
                0x2040015c                __sram_bss_end = .

.sram_data      0x2040015c       0x14 load address 0x0040a620
                0x2040015c                . = ALIGN (0x4)
                0x2040015c                __sram_data_begin__ = .
                0x2040015c                . = ALIGN (0x4)
 *(.ramcode)
                0x2040015c                . = ALIGN (0x4)
 *(.data)
 .data          0x2040015c        0x0 ./Project_Settings/Startup_Code/Vector_Table.o
 .data          0x2040015c        0x0 ./Project_Settings/Startup_Code/exceptions.o
 .data          0x2040015c        0x0 ./Project_Settings/Startup_Code/nvic.o
 .data          0x2040015c        0x0 ./Project_Settings/Startup_Code/startup.o
 .data          0x2040015c        0x0 ./Project_Settings/Startup_Code/startup_cm7.o
 .data          0x2040015c        0x0 ./Project_Settings/Startup_Code/system.o
 .data          0x2040015c        0x0 ./RTD/src/Axbs_Ip.o
 .data          0x2040015c        0x0 ./RTD/src/CDD_Rm.o
 .data          0x2040015c        0x0 ./RTD/src/CDD_Rm_Ipw.o
 .data          0x2040015c        0x4 ./RTD/src/Clock_Ip.o
 .data          0x20400160        0x0 ./RTD/src/Clock_Ip_Data.o
 .data          0x20400160        0x0 ./RTD/src/Clock_Ip_Divider.o
 .data          0x20400160        0x0 ./RTD/src/Clock_Ip_DividerTrigger.o
 .data          0x20400160        0x0 ./RTD/src/Clock_Ip_ExtOsc.o
 .data          0x20400160        0x0 ./RTD/src/Clock_Ip_FracDiv.o
 .data          0x20400160        0x0 ./RTD/src/Clock_Ip_Frequency.o
 .data          0x20400160        0x0 ./RTD/src/Clock_Ip_Gate.o
 .data          0x20400160        0x0 ./RTD/src/Clock_Ip_IntOsc.o
 .data          0x20400160        0x0 ./RTD/src/Clock_Ip_Irq.o
 .data          0x20400160        0x0 ./RTD/src/Clock_Ip_Monitor.o
 .data          0x20400160        0x0 ./RTD/src/Clock_Ip_Pll.o
 .data          0x20400160        0x0 ./RTD/src/Clock_Ip_ProgFreqSwitch.o
 .data          0x20400160        0x0 ./RTD/src/Clock_Ip_Selector.o
 .data          0x20400160        0x0 ./RTD/src/Clock_Ip_Specific.o
 .data          0x20400160        0x0 ./RTD/src/Det.o
 .data          0x20400160        0x0 ./RTD/src/Det_stub.o
 .data          0x20400160        0x0 ./RTD/src/Dma_Ip.o
 .data          0x20400160        0x0 ./RTD/src/Dma_Ip_Driver_State.o
 .data          0x20400160        0x0 ./RTD/src/Dma_Ip_Hw_Access.o
 .data          0x20400160        0x0 ./RTD/src/Dma_Ip_Irq.o
 .data          0x20400160        0x0 ./RTD/src/Dma_Ip_Multicore.o
 .data          0x20400160        0x0 ./RTD/src/Dma_Mux_Ip.o
 .data          0x20400160        0x0 ./RTD/src/Igf_Port_Ip.o
 .data          0x20400160        0x0 ./RTD/src/IntCtrl_Ip.o
 .data          0x20400160        0x0 ./RTD/src/Lpuart_Uart_Ip.o
 .data          0x20400160        0x0 ./RTD/src/Lpuart_Uart_Ip_Irq.o
 .data          0x20400160        0x0 ./RTD/src/Mscm_Ip.o
 .data          0x20400160        0x0 ./RTD/src/OsIf_Interrupts.o
 .data          0x20400160        0x0 ./RTD/src/OsIf_Timer.o
 .data          0x20400160        0x0 ./RTD/src/OsIf_Timer_System.o
 .data          0x20400160        0x0 ./RTD/src/OsIf_Timer_System_Internal_Systick.o
 .data          0x20400160        0x0 ./RTD/src/Pflash_Ip.o
 .data          0x20400160        0x0 ./RTD/src/SchM_Mcl.o
 .data          0x20400160        0x0 ./RTD/src/SchM_Mcu.o
 .data          0x20400160        0x0 ./RTD/src/SchM_Port.o
 .data          0x20400160        0x0 ./RTD/src/SchM_Rm.o
 .data          0x20400160        0x0 ./RTD/src/SchM_Uart.o
 .data          0x20400160        0x0 ./RTD/src/Sema42_Ip.o
 .data          0x20400160        0x0 ./RTD/src/Siul2_Port_Ip.o
 .data          0x20400160        0x0 ./RTD/src/Tspc_Port_Ip.o
 .data          0x20400160        0x0 ./RTD/src/Virt_Wrapper_Ip.o
 .data          0x20400160        0x0 ./RTD/src/Xbic_Ip.o
 .data          0x20400160        0x0 ./RTD/src/Xrdc_Ip.o
 .data          0x20400160        0x0 ./board/Siul2_Port_Ip_Cfg.o
 .data          0x20400160        0x0 ./board/Tspc_Port_Ip_Cfg.o
 .data          0x20400160        0x0 ./generate/src/Axbs_Ip_PBcfg.o
 .data          0x20400160        0x0 ./generate/src/CDD_Rm_Cfg.o
 .data          0x20400160        0x0 ./generate/src/CDD_Rm_Ipw_PBcfg.o
 .data          0x20400160        0x0 ./generate/src/CDD_Rm_PBcfg.o
 .data          0x20400160        0x0 ./generate/src/Clock_Ip_Cfg.o
 .data          0x20400160        0x0 ./generate/src/Dma_Ip_Cfg.o
 .data          0x20400160        0x0 ./generate/src/Dma_Ip_PBcfg.o
 .data          0x20400160        0x0 ./generate/src/Dma_Mux_Ip_PBcfg.o
 .data          0x20400160        0x0 ./generate/src/Igf_Port_Ip_Cfg.o
 .data          0x20400160        0x0 ./generate/src/IntCtrl_Ip_Cfg.o
 .data          0x20400160        0x0 ./generate/src/Lpuart_Uart_Ip_Sa_PBcfg.o
 .data          0x20400160        0x0 ./generate/src/Mscm_Ip_PBcfg.o
 .data          0x20400160        0x0 ./generate/src/OsIf_Cfg.o
 .data          0x20400160        0x0 ./generate/src/Pflash_Ip_Cfg.o
 .data          0x20400160        0x0 ./generate/src/Pflash_Ip_PBcfg.o
 .data          0x20400160        0x0 ./generate/src/Virt_Wrapper_Ip_PBcfg.o
 .data          0x20400160        0x0 ./generate/src/Xbic_Ip_PBcfg.o
 .data          0x20400160        0x0 ./generate/src/Xrdc_Ip_Cfg.o
 .data          0x20400160        0x0 ./generate/src/Xrdc_Ip_PBcfg.o
 .data          0x20400160       0x10 ./src/main.o
                0x20400160                uart_tx
                0x20400168                lpuartStatus1
                0x2040016c                lpuartStatus
 .data          0x20400170        0x0 d:/s32_platform/s32ds/build_tools/gcc_v10.2/gcc-10.2-arm32-eabi/bin/../lib/gcc/arm-none-eabi/10.2.0/../../../../arm-none-eabi/lib/thumb/v7e-m+fp/hard\libc_nano.a(lib_a-memmove.o)
 .data          0x20400170        0x0 d:/s32_platform/s32ds/build_tools/gcc_v10.2/gcc-10.2-arm32-eabi/bin/../lib/gcc/arm-none-eabi/10.2.0/../../../../arm-none-eabi/lib/thumb/v7e-m+fp/hard\libc_nano.a(lib_a-memset.o)
 *(.data*)
                0x20400170                . = ALIGN (0x4)
 *(.mcal_data)
                0x20400170                . = ALIGN (0x4)
                0x20400170                __sram_data_end__ = .
                0x0040a634                __sram_data_rom_end = (__sram_data_rom + (__sram_data_end__ - __sram_data_begin__))

.heap           0x20400170     0x2000 load address 0x0040a634
                0x00000000                . = (. + ALIGN (0x4))
                0x20400170                _end = .
                0x20400170                end = .
                0x20400170                _heap_start = .
                0x00002000                . = (. + HEAP_SIZE)
 *fill*         0x20400170     0x2000 
                0x20402170                _heap_end = .

.acfls_code_ram
                0x2042ff00        0x0
                0x2042ff00                acfls_code_ram_start = .
 *(.acfls_code_ram)
                0x2042ff00                acfls_code_ram_stop = .
                0x0040a634                __non_cacheable_data_rom = __sram_data_rom_end

.non_cacheable_data
                0x20430000        0xc load address 0x0040a634
                0x20430000                . = ALIGN (0x4)
                0x20430000                __non_cacheable_data_start__ = .
 *(.mcal_data_no_cacheable)
 .mcal_data_no_cacheable
                0x20430000        0x8 ./generate/src/Dma_Ip_PBcfg.o
                0x20430000                Dma_Ip_paxHwChannelStateArrayPB
                0x20430008                . = ALIGN (0x4)
 *(.mcal_const_no_cacheable)
                0x20430008                . = ALIGN (0x4)
                0x20430008                HSE_LOOP_ADDR = .
                0x20430008        0x4 LONG 0x0
                0x2043000c                __non_cacheable_data_end__ = .
                0x0040a640                __non_cacheable_data_rom_end = (__non_cacheable_data_rom + (__non_cacheable_data_end__ - __non_cacheable_data_start__))

.non_cacheable_bss
                0x2043000c      0xdfc load address 0x0040a640
                0x20430010                . = ALIGN (0x10)
 *fill*         0x2043000c        0x4 
                0x20430010                __non_cacheable_bss_start = .
 *(.mcal_bss_no_cacheable)
 .mcal_bss_no_cacheable
                0x20430010       0x3c ./RTD/src/Det.o
                0x20430010                Det_TransientModuleId
                0x20430018                Det_ApiId
                0x2043001c                Det_TransientInstanceId
                0x20430020                Det_ErrorId
                0x20430024                Det_TransientApiId
                0x20430028                Det_RuntimeModuleId
                0x20430030                Det_TransientFaultId
                0x20430034                Det_RuntimeInstanceId
                0x20430038                Det_RuntimeApiId
                0x2043003c                Det_ModuleId
                0x20430044                Det_RuntimeErrorId
                0x20430048                Det_InstanceId
 .mcal_bss_no_cacheable
                0x2043004c        0x4 ./RTD/src/Dma_Ip.o
 .mcal_bss_no_cacheable
                0x20430050       0x80 ./RTD/src/Dma_Ip_Driver_State.o
 .mcal_bss_no_cacheable
                0x204300d0       0xa0 ./RTD/src/Lpuart_Uart_Ip.o
                0x204300d0                Lpuart_Uart_Ip_apStateStructure
                0x20430130                Lpuart_Uart_Ip_apUserConfig
 .mcal_bss_no_cacheable
                0x20430170      0x5e0 ./RTD/src/SchM_Mcl.o
 .mcal_bss_no_cacheable
                0x20430750       0x60 ./RTD/src/SchM_Mcu.o
 .mcal_bss_no_cacheable
                0x204307b0      0x380 ./RTD/src/SchM_Port.o
 .mcal_bss_no_cacheable
                0x20430b30      0x1a0 ./RTD/src/SchM_Rm.o
 .mcal_bss_no_cacheable
                0x20430cd0      0x120 ./RTD/src/SchM_Uart.o
 .mcal_bss_no_cacheable
                0x20430df0       0x18 ./generate/src/Dma_Ip_PBcfg.o
                0x20430df0                HwChannel1StatePB
                0x20430dfc                HwChannel0StatePB
                0x20430e08                . = ALIGN (0x4)
                0x20430e08                __non_cacheable_bss_end = .

.int_results    0x2043ff00      0x100
                0x2043ff00                . = ALIGN (0x4)
 *(.int_results)
                0x20440000                . = (. + 0x100)
 *fill*         0x2043ff00      0x100 
                0x0040a640                __shareable_data_rom = __non_cacheable_data_rom_end

.shareable_data
                0x20440000        0x0 load address 0x0040a640
                0x20440000                . = ALIGN (0x4)
                0x20440000                __shareable_data_start__ = .
 *(.mcal_shared_data)
                0x20440000                . = ALIGN (0x4)
                0x20440000                __shareable_data_end__ = .
                0x0040a640                __shareable_data_rom_end = (__shareable_data_rom + (__shareable_data_end__ - __shareable_data_start__))

.int_vector     0x20000000      0x408
                0x20000000                . = ALIGN (0x800)
                0x20000000                __interrupts_ram_start = .
                0x20000408                . = (. + (__interrupts_init_end - __interrupts_init_start))
 *fill*         0x20000000      0x408 
                0x20000408                . = ALIGN (0x4)
                0x20000408                __interrupts_ram_end = .
                0x0040a640                __tcm_data_rom = __shareable_data_rom_end

.data_tcm_data  0x20000408        0x0 load address 0x0040a640
                0x20000408                . = ALIGN (0x4)
                0x20000408                __dtcm_data_start__ = .
 *(.dtcm_data*)
                0x20000408                . = ALIGN (0x4)
                0x20000408                __dtcm_data_end__ = .
                0x0040a640                __tcm_data_rom_end = (__tcm_data_rom + (__dtcm_data_end__ - __dtcm_data_start__))

.bss_tcm_data   0x20000408        0x0
                0x20000408                . = ALIGN (0x4)
                0x20000408                __dtcm_bss_start__ = .
 *(.dtcm_bss*)
                0x20000408                . = ALIGN (0x4)
                0x20000408                __dtcm_bss_end__ = .
                0x0040a640                __tcm_code_rom_start = __tcm_data_rom_end

.itcm_text      0x00000000        0x0 load address 0x0040a640
                0x00000000                . = ALIGN (0x4)
                0x00000000                __itcm_start__ = .
 *(.itcm_text*)
                0x00000000                . = ALIGN (0x4)
                0x00000000                __itcm_end__ = .
                0x0040a640                __tcm_code_rom_end = (__tcm_code_rom_start + (__itcm_end__ - __itcm_start__))

.shareable_bss  0x20440000        0x0
                0x20440000                . = ALIGN (0x10)
                0x20440000                __shareable_bss_start = .
 *(.mcal_shared_bss)
                0x20440000                . = ALIGN (0x4)
                0x20440000                __shareable_bss_end = .
                0x2000f000                __Stack_dtcm_end = ORIGIN (int_stack_dtcm)
                0x20010000                __Stack_dtcm_start = (ORIGIN (int_stack_dtcm) + LENGTH (int_stack_dtcm))
                0x20400000                __INT_SRAM_START = ORIGIN (int_sram)
                0x20444000                __INT_SRAM_END = ORIGIN (ram_rsvd2)
                0x00000000                __INT_ITCM_START = ORIGIN (int_itcm)
                0x00008000                __INT_ITCM_END = (ORIGIN (int_itcm) + LENGTH (int_itcm))
                0x20000000                __INT_DTCM_START = ORIGIN (int_dtcm)
                0x20010000                __INT_DTCM_END = ((ORIGIN (int_dtcm) + LENGTH (int_dtcm)) + LENGTH (int_stack_dtcm))
                0x20440000                __RAM_SHAREABLE_START = ORIGIN (int_sram_shareable)
                0x20444000                __RAM_SHAREABLE_END = (ORIGIN (int_sram_shareable) + LENGTH (int_sram_shareable))
                0x0000000e                __RAM_SHAREABLE_SIZE = 0xe
                0x0040a640                __ROM_SHAREABLE_START = __shareable_data_rom
                0x0040a640                __ROM_SHAREABLE_END = __shareable_data_rom_end
                0x20430000                __RAM_NO_CACHEABLE_START = ORIGIN (int_sram_no_cacheable)
                0x2043ffff                __RAM_NO_CACHEABLE_END = (ORIGIN (int_sram_shareable) - 0x1)
                0x00000010                __RAM_NO_CACHEABLE_SIZE = 0x10
                0x0040a634                __ROM_NO_CACHEABLE_START = __non_cacheable_data_rom
                0x0040a640                __ROM_NO_CACHEABLE_END = __non_cacheable_data_rom_end
                0x2040015c                __RAM_CACHEABLE_START = __sram_data_begin__
                0x2042ffff                __RAM_CACHEABLE_END = (ORIGIN (int_sram_no_cacheable) - 0x1)
                0x00000012                __RAM_CACHEABLE_SIZE = 0x12
                0x0040a620                __ROM_CACHEABLE_START = __sram_data_rom
                0x0040a634                __ROM_CACHEABLE_END = __sram_data_rom_end
                0x00400000                __ROM_CODE_START = ORIGIN (int_pflash)
                0x10000000                __ROM_DATA_START = ORIGIN (int_dflash)
                0x20400000                __BSS_SRAM_START = __sram_bss_start
                0x2040015c                __BSS_SRAM_END = __sram_bss_end
                0x0000015c                __BSS_SRAM_SIZE = (__sram_bss_end - __sram_bss_start)
                0x20430010                __BSS_SRAM_NC_START = __non_cacheable_bss_start
                0x00000df8                __BSS_SRAM_NC_SIZE = (__non_cacheable_bss_end - __non_cacheable_bss_start)
                0x20430e08                __BSS_SRAM_NC_END = __non_cacheable_bss_end
                0x20440000                __BSS_SRAM_SH_START = __shareable_bss_start
                0x00000000                __BSS_SRAM_SH_SIZE = (__shareable_bss_end - __shareable_bss_start)
                0x20440000                __BSS_SRAM_SH_END = __shareable_bss_end
                0x20000000                __RAM_INTERRUPT_START = __interrupts_ram_start
                0x00400800                __INIT_INTERRUPT_START = __interrupts_init_start
                0x00400c08                __INIT_INTERRUPT_END = __interrupts_init_end
                0x00000000                __RAM_ITCM_START = __itcm_start__
                0x0040a640                __ROM_ITCM_START = __tcm_code_rom_start
                0x0040a640                __ROM_ITCM_END = __tcm_code_rom_end
                0x20000408                __RAM_DTCM_DATA_START = __dtcm_data_start__
                0x0040a640                __ROM_DTCM_DATA_START = __tcm_data_rom
                0x0040a640                __ROM_DTCM_END = __tcm_data_rom_end
                0x0040a5b8                __INIT_TABLE = __init_table
                0x0040a604                __ZERO_TABLE = __zero_table
                0x00000001                __RAM_INIT = 0x1
                0x00000001                __ITCM_INIT = 0x1
                0x00000001                __DTCM_INIT = 0x1
                0x0040862c                Fls_ACEraseRomStart = __acfls_code_rom_start
                0x0040862c                Fls_ACEraseRomEnd = __acfls_code_rom_end
                0x00000000                Fls_ACEraseSize = ((__acfls_code_rom_end - __acfls_code_rom_start) / 0x4)
                0x0040862c                Fls_ACWriteRomStart = __acfls_code_rom_start
                0x0040862c                Fls_ACWriteRomEnd = __acfls_code_rom_end
                0x00000000                Fls_ACWriteSize = ((__acfls_code_rom_end - __acfls_code_rom_start) / 0x4)
                0x2042ff00                _ERASE_FUNC_ADDRESS_ = ADDR (.acfls_code_ram)
                0x2042ff00                _WRITE_FUNC_ADDRESS_ = ADDR (.acfls_code_ram)
                0x00400800                __ENTRY_VTABLE = __INIT_INTERRUPT_START
                0x00400800                __CORE0_VTOR = __INIT_INTERRUPT_START
                0x00400800                __CORE1_VTOR = __INIT_INTERRUPT_START
                0x00400800                __CORE2_VTOR = __INIT_INTERRUPT_START
                0x00000003                __INDEX_COPY_CORE2 = 0x3
                0x00000001                ASSERT ((__standby_ram_end__ <= __STANDBY_RAM_LIMIT_END), Memory for standby ram overflow)
OUTPUT(Mem_to_Uart_M7_0.elf elf32-littlearm)
LOAD linker stubs

.ARM.attributes
                0x00000000       0x30
 .ARM.attributes
                0x00000000       0x20 ./Project_Settings/Startup_Code/Vector_Table.o
 .ARM.attributes
                0x00000020       0x34 ./Project_Settings/Startup_Code/exceptions.o
 .ARM.attributes
                0x00000054       0x34 ./Project_Settings/Startup_Code/nvic.o
 .ARM.attributes
                0x00000088       0x34 ./Project_Settings/Startup_Code/startup.o
 .ARM.attributes
                0x000000bc       0x1f ./Project_Settings/Startup_Code/startup_cm7.o
 .ARM.attributes
                0x000000db       0x34 ./Project_Settings/Startup_Code/system.o
 .ARM.attributes
                0x0000010f       0x39 ./RTD/src/Axbs_Ip.o
 .ARM.attributes
                0x00000148       0x34 ./RTD/src/CDD_Rm.o
 .ARM.attributes
                0x0000017c       0x34 ./RTD/src/CDD_Rm_Ipw.o
 .ARM.attributes
                0x000001b0       0x34 ./RTD/src/Clock_Ip.o
 .ARM.attributes
                0x000001e4       0x39 ./RTD/src/Clock_Ip_Data.o
 .ARM.attributes
                0x0000021d       0x34 ./RTD/src/Clock_Ip_Divider.o
 .ARM.attributes
                0x00000251       0x34 ./RTD/src/Clock_Ip_DividerTrigger.o
 .ARM.attributes
                0x00000285       0x34 ./RTD/src/Clock_Ip_ExtOsc.o
 .ARM.attributes
                0x000002b9       0x34 ./RTD/src/Clock_Ip_FracDiv.o
 .ARM.attributes
                0x000002ed       0x34 ./RTD/src/Clock_Ip_Frequency.o
 .ARM.attributes
                0x00000321       0x34 ./RTD/src/Clock_Ip_Gate.o
 .ARM.attributes
                0x00000355       0x34 ./RTD/src/Clock_Ip_IntOsc.o
 .ARM.attributes
                0x00000389       0x34 ./RTD/src/Clock_Ip_Irq.o
 .ARM.attributes
                0x000003bd       0x34 ./RTD/src/Clock_Ip_Monitor.o
 .ARM.attributes
                0x000003f1       0x34 ./RTD/src/Clock_Ip_Pll.o
 .ARM.attributes
                0x00000425       0x34 ./RTD/src/Clock_Ip_ProgFreqSwitch.o
 .ARM.attributes
                0x00000459       0x34 ./RTD/src/Clock_Ip_Selector.o
 .ARM.attributes
                0x0000048d       0x34 ./RTD/src/Clock_Ip_Specific.o
 .ARM.attributes
                0x000004c1       0x34 ./RTD/src/Det.o
 .ARM.attributes
                0x000004f5       0x34 ./RTD/src/Det_stub.o
 .ARM.attributes
                0x00000529       0x34 ./RTD/src/Dma_Ip.o
 .ARM.attributes
                0x0000055d       0x34 ./RTD/src/Dma_Ip_Driver_State.o
 .ARM.attributes
                0x00000591       0x34 ./RTD/src/Dma_Ip_Hw_Access.o
 .ARM.attributes
                0x000005c5       0x34 ./RTD/src/Dma_Ip_Irq.o
 .ARM.attributes
                0x000005f9       0x39 ./RTD/src/Dma_Ip_Multicore.o
 .ARM.attributes
                0x00000632       0x34 ./RTD/src/Dma_Mux_Ip.o
 .ARM.attributes
                0x00000666       0x39 ./RTD/src/Igf_Port_Ip.o
 .ARM.attributes
                0x0000069f       0x34 ./RTD/src/IntCtrl_Ip.o
 .ARM.attributes
                0x000006d3       0x34 ./RTD/src/Lpuart_Uart_Ip.o
 .ARM.attributes
                0x00000707       0x34 ./RTD/src/Lpuart_Uart_Ip_Irq.o
 .ARM.attributes
                0x0000073b       0x39 ./RTD/src/Mscm_Ip.o
 .ARM.attributes
                0x00000774       0x39 ./RTD/src/OsIf_Interrupts.o
 .ARM.attributes
                0x000007ad       0x34 ./RTD/src/OsIf_Timer.o
 .ARM.attributes
                0x000007e1       0x39 ./RTD/src/OsIf_Timer_System.o
 .ARM.attributes
                0x0000081a       0x34 ./RTD/src/OsIf_Timer_System_Internal_Systick.o
 .ARM.attributes
                0x0000084e       0x39 ./RTD/src/Pflash_Ip.o
 .ARM.attributes
                0x00000887       0x34 ./RTD/src/SchM_Mcl.o
 .ARM.attributes
                0x000008bb       0x34 ./RTD/src/SchM_Mcu.o
 .ARM.attributes
                0x000008ef       0x34 ./RTD/src/SchM_Port.o
 .ARM.attributes
                0x00000923       0x34 ./RTD/src/SchM_Rm.o
 .ARM.attributes
                0x00000957       0x34 ./RTD/src/SchM_Uart.o
 .ARM.attributes
                0x0000098b       0x39 ./RTD/src/Sema42_Ip.o
 .ARM.attributes
                0x000009c4       0x34 ./RTD/src/Siul2_Port_Ip.o
 .ARM.attributes
                0x000009f8       0x34 ./RTD/src/Tspc_Port_Ip.o
 .ARM.attributes
                0x00000a2c       0x39 ./RTD/src/Virt_Wrapper_Ip.o
 .ARM.attributes
                0x00000a65       0x39 ./RTD/src/Xbic_Ip.o
 .ARM.attributes
                0x00000a9e       0x39 ./RTD/src/Xrdc_Ip.o
 .ARM.attributes
                0x00000ad7       0x39 ./board/Siul2_Port_Ip_Cfg.o
 .ARM.attributes
                0x00000b10       0x39 ./board/Tspc_Port_Ip_Cfg.o
 .ARM.attributes
                0x00000b49       0x39 ./generate/src/Axbs_Ip_PBcfg.o
 .ARM.attributes
                0x00000b82       0x39 ./generate/src/CDD_Rm_Cfg.o
 .ARM.attributes
                0x00000bbb       0x39 ./generate/src/CDD_Rm_Ipw_PBcfg.o
 .ARM.attributes
                0x00000bf4       0x39 ./generate/src/CDD_Rm_PBcfg.o
 .ARM.attributes
                0x00000c2d       0x39 ./generate/src/Clock_Ip_Cfg.o
 .ARM.attributes
                0x00000c66       0x39 ./generate/src/Dma_Ip_Cfg.o
 .ARM.attributes
                0x00000c9f       0x39 ./generate/src/Dma_Ip_PBcfg.o
 .ARM.attributes
                0x00000cd8       0x39 ./generate/src/Dma_Mux_Ip_PBcfg.o
 .ARM.attributes
                0x00000d11       0x39 ./generate/src/Igf_Port_Ip_Cfg.o
 .ARM.attributes
                0x00000d4a       0x39 ./generate/src/IntCtrl_Ip_Cfg.o
 .ARM.attributes
                0x00000d83       0x39 ./generate/src/Lpuart_Uart_Ip_Sa_PBcfg.o
 .ARM.attributes
                0x00000dbc       0x39 ./generate/src/Mscm_Ip_PBcfg.o
 .ARM.attributes
                0x00000df5       0x39 ./generate/src/OsIf_Cfg.o
 .ARM.attributes
                0x00000e2e       0x39 ./generate/src/Pflash_Ip_Cfg.o
 .ARM.attributes
                0x00000e67       0x39 ./generate/src/Pflash_Ip_PBcfg.o
 .ARM.attributes
                0x00000ea0       0x39 ./generate/src/Virt_Wrapper_Ip_PBcfg.o
 .ARM.attributes
                0x00000ed9       0x39 ./generate/src/Xbic_Ip_PBcfg.o
 .ARM.attributes
                0x00000f12       0x39 ./generate/src/Xrdc_Ip_Cfg.o
 .ARM.attributes
                0x00000f4b       0x39 ./generate/src/Xrdc_Ip_PBcfg.o
 .ARM.attributes
                0x00000f84       0x34 ./src/main.o
 .ARM.attributes
                0x00000fb8       0x34 d:/s32_platform/s32ds/build_tools/gcc_v10.2/gcc-10.2-arm32-eabi/bin/../lib/gcc/arm-none-eabi/10.2.0/../../../../arm-none-eabi/lib/thumb/v7e-m+fp/hard\libc_nano.a(lib_a-memmove.o)
 .ARM.attributes
                0x00000fec       0x34 d:/s32_platform/s32ds/build_tools/gcc_v10.2/gcc-10.2-arm32-eabi/bin/../lib/gcc/arm-none-eabi/10.2.0/../../../../arm-none-eabi/lib/thumb/v7e-m+fp/hard\libc_nano.a(lib_a-memset.o)

.comment        0x00000000       0x88
 .comment       0x00000000       0x88 ./Project_Settings/Startup_Code/exceptions.o
                                 0x89 (size before relaxing)
 .comment       0x00000088       0x89 ./Project_Settings/Startup_Code/nvic.o
 .comment       0x00000088       0x89 ./Project_Settings/Startup_Code/startup.o
 .comment       0x00000088       0x89 ./Project_Settings/Startup_Code/system.o
 .comment       0x00000088       0x89 ./RTD/src/Axbs_Ip.o
 .comment       0x00000088       0x89 ./RTD/src/CDD_Rm.o
 .comment       0x00000088       0x89 ./RTD/src/CDD_Rm_Ipw.o
 .comment       0x00000088       0x89 ./RTD/src/Clock_Ip.o
 .comment       0x00000088       0x89 ./RTD/src/Clock_Ip_Data.o
 .comment       0x00000088       0x89 ./RTD/src/Clock_Ip_Divider.o
 .comment       0x00000088       0x89 ./RTD/src/Clock_Ip_DividerTrigger.o
 .comment       0x00000088       0x89 ./RTD/src/Clock_Ip_ExtOsc.o
 .comment       0x00000088       0x89 ./RTD/src/Clock_Ip_FracDiv.o
 .comment       0x00000088       0x89 ./RTD/src/Clock_Ip_Frequency.o
 .comment       0x00000088       0x89 ./RTD/src/Clock_Ip_Gate.o
 .comment       0x00000088       0x89 ./RTD/src/Clock_Ip_IntOsc.o
 .comment       0x00000088       0x89 ./RTD/src/Clock_Ip_Irq.o
 .comment       0x00000088       0x89 ./RTD/src/Clock_Ip_Monitor.o
 .comment       0x00000088       0x89 ./RTD/src/Clock_Ip_Pll.o
 .comment       0x00000088       0x89 ./RTD/src/Clock_Ip_ProgFreqSwitch.o
 .comment       0x00000088       0x89 ./RTD/src/Clock_Ip_Selector.o
 .comment       0x00000088       0x89 ./RTD/src/Clock_Ip_Specific.o
 .comment       0x00000088       0x89 ./RTD/src/Det.o
 .comment       0x00000088       0x89 ./RTD/src/Det_stub.o
 .comment       0x00000088       0x89 ./RTD/src/Dma_Ip.o
 .comment       0x00000088       0x89 ./RTD/src/Dma_Ip_Driver_State.o
 .comment       0x00000088       0x89 ./RTD/src/Dma_Ip_Hw_Access.o
 .comment       0x00000088       0x89 ./RTD/src/Dma_Ip_Irq.o
 .comment       0x00000088       0x89 ./RTD/src/Dma_Ip_Multicore.o
 .comment       0x00000088       0x89 ./RTD/src/Dma_Mux_Ip.o
 .comment       0x00000088       0x89 ./RTD/src/Igf_Port_Ip.o
 .comment       0x00000088       0x89 ./RTD/src/IntCtrl_Ip.o
 .comment       0x00000088       0x89 ./RTD/src/Lpuart_Uart_Ip.o
 .comment       0x00000088       0x89 ./RTD/src/Lpuart_Uart_Ip_Irq.o
 .comment       0x00000088       0x89 ./RTD/src/Mscm_Ip.o
 .comment       0x00000088       0x89 ./RTD/src/OsIf_Interrupts.o
 .comment       0x00000088       0x89 ./RTD/src/OsIf_Timer.o
 .comment       0x00000088       0x89 ./RTD/src/OsIf_Timer_System.o
 .comment       0x00000088       0x89 ./RTD/src/OsIf_Timer_System_Internal_Systick.o
 .comment       0x00000088       0x89 ./RTD/src/Pflash_Ip.o
 .comment       0x00000088       0x89 ./RTD/src/SchM_Mcl.o
 .comment       0x00000088       0x89 ./RTD/src/SchM_Mcu.o
 .comment       0x00000088       0x89 ./RTD/src/SchM_Port.o
 .comment       0x00000088       0x89 ./RTD/src/SchM_Rm.o
 .comment       0x00000088       0x89 ./RTD/src/SchM_Uart.o
 .comment       0x00000088       0x89 ./RTD/src/Sema42_Ip.o
 .comment       0x00000088       0x89 ./RTD/src/Siul2_Port_Ip.o
 .comment       0x00000088       0x89 ./RTD/src/Tspc_Port_Ip.o
 .comment       0x00000088       0x89 ./RTD/src/Virt_Wrapper_Ip.o
 .comment       0x00000088       0x89 ./RTD/src/Xbic_Ip.o
 .comment       0x00000088       0x89 ./RTD/src/Xrdc_Ip.o
 .comment       0x00000088       0x89 ./board/Siul2_Port_Ip_Cfg.o
 .comment       0x00000088       0x89 ./board/Tspc_Port_Ip_Cfg.o
 .comment       0x00000088       0x89 ./generate/src/Axbs_Ip_PBcfg.o
 .comment       0x00000088       0x89 ./generate/src/CDD_Rm_Cfg.o
 .comment       0x00000088       0x89 ./generate/src/CDD_Rm_Ipw_PBcfg.o
 .comment       0x00000088       0x89 ./generate/src/CDD_Rm_PBcfg.o
 .comment       0x00000088       0x89 ./generate/src/Clock_Ip_Cfg.o
 .comment       0x00000088       0x89 ./generate/src/Dma_Ip_Cfg.o
 .comment       0x00000088       0x89 ./generate/src/Dma_Ip_PBcfg.o
 .comment       0x00000088       0x89 ./generate/src/Dma_Mux_Ip_PBcfg.o
 .comment       0x00000088       0x89 ./generate/src/Igf_Port_Ip_Cfg.o
 .comment       0x00000088       0x89 ./generate/src/IntCtrl_Ip_Cfg.o
 .comment       0x00000088       0x89 ./generate/src/Lpuart_Uart_Ip_Sa_PBcfg.o
 .comment       0x00000088       0x89 ./generate/src/Mscm_Ip_PBcfg.o
 .comment       0x00000088       0x89 ./generate/src/OsIf_Cfg.o
 .comment       0x00000088       0x89 ./generate/src/Pflash_Ip_Cfg.o
 .comment       0x00000088       0x89 ./generate/src/Pflash_Ip_PBcfg.o
 .comment       0x00000088       0x89 ./generate/src/Virt_Wrapper_Ip_PBcfg.o
 .comment       0x00000088       0x89 ./generate/src/Xbic_Ip_PBcfg.o
 .comment       0x00000088       0x89 ./generate/src/Xrdc_Ip_Cfg.o
 .comment       0x00000088       0x89 ./generate/src/Xrdc_Ip_PBcfg.o
 .comment       0x00000088       0x89 ./src/main.o
 .comment       0x00000088       0x89 d:/s32_platform/s32ds/build_tools/gcc_v10.2/gcc-10.2-arm32-eabi/bin/../lib/gcc/arm-none-eabi/10.2.0/../../../../arm-none-eabi/lib/thumb/v7e-m+fp/hard\libc_nano.a(lib_a-memmove.o)
 .comment       0x00000088       0x89 d:/s32_platform/s32ds/build_tools/gcc_v10.2/gcc-10.2-arm32-eabi/bin/../lib/gcc/arm-none-eabi/10.2.0/../../../../arm-none-eabi/lib/thumb/v7e-m+fp/hard\libc_nano.a(lib_a-memset.o)

.debug_info     0x00000000    0x2fadb
 .debug_info    0x00000000      0x139 ./Project_Settings/Startup_Code/exceptions.o
 .debug_info    0x00000139      0x76a ./Project_Settings/Startup_Code/nvic.o
 .debug_info    0x000008a3      0x36f ./Project_Settings/Startup_Code/startup.o
 .debug_info    0x00000c12       0x22 ./Project_Settings/Startup_Code/startup_cm7.o
 .debug_info    0x00000c34      0xc1c ./Project_Settings/Startup_Code/system.o
 .debug_info    0x00001850       0x7d ./RTD/src/Axbs_Ip.o
 .debug_info    0x000018cd      0x323 ./RTD/src/CDD_Rm.o
 .debug_info    0x00001bf0      0x19c ./RTD/src/CDD_Rm_Ipw.o
 .debug_info    0x00001d8c     0x1f2e ./RTD/src/Clock_Ip.o
 .debug_info    0x00003cba     0x16b2 ./RTD/src/Clock_Ip_Data.o
 .debug_info    0x0000536c      0xa48 ./RTD/src/Clock_Ip_Divider.o
 .debug_info    0x00005db4      0x826 ./RTD/src/Clock_Ip_DividerTrigger.o
 .debug_info    0x000065da      0xad5 ./RTD/src/Clock_Ip_ExtOsc.o
 .debug_info    0x000070af      0x5e9 ./RTD/src/Clock_Ip_FracDiv.o
 .debug_info    0x00007698      0x457 ./RTD/src/Clock_Ip_Frequency.o
 .debug_info    0x00007aef      0xa0a ./RTD/src/Clock_Ip_Gate.o
 .debug_info    0x000084f9      0xd8b ./RTD/src/Clock_Ip_IntOsc.o
 .debug_info    0x00009284       0xb2 ./RTD/src/Clock_Ip_Irq.o
 .debug_info    0x00009336     0x13b1 ./RTD/src/Clock_Ip_Monitor.o
 .debug_info    0x0000a6e7      0xaf5 ./RTD/src/Clock_Ip_Pll.o
 .debug_info    0x0000b1dc      0xfc6 ./RTD/src/Clock_Ip_ProgFreqSwitch.o
 .debug_info    0x0000c1a2     0x106d ./RTD/src/Clock_Ip_Selector.o
 .debug_info    0x0000d20f     0x15b8 ./RTD/src/Clock_Ip_Specific.o
 .debug_info    0x0000e7c7      0x420 ./RTD/src/Det.o
 .debug_info    0x0000ebe7      0x471 ./RTD/src/Det_stub.o
 .debug_info    0x0000f058     0x2885 ./RTD/src/Dma_Ip.o
 .debug_info    0x000118dd      0x5d4 ./RTD/src/Dma_Ip_Driver_State.o
 .debug_info    0x00011eb1     0x4273 ./RTD/src/Dma_Ip_Hw_Access.o
 .debug_info    0x00016124      0xab5 ./RTD/src/Dma_Ip_Irq.o
 .debug_info    0x00016bd9       0x7d ./RTD/src/Dma_Ip_Multicore.o
 .debug_info    0x00016c56      0x223 ./RTD/src/Dma_Mux_Ip.o
 .debug_info    0x00016e79       0x7d ./RTD/src/Igf_Port_Ip.o
 .debug_info    0x00016ef6     0x1a02 ./RTD/src/IntCtrl_Ip.o
 .debug_info    0x000188f8     0x4802 ./RTD/src/Lpuart_Uart_Ip.o
 .debug_info    0x0001d0fa      0x120 ./RTD/src/Lpuart_Uart_Ip_Irq.o
 .debug_info    0x0001d21a       0x7d ./RTD/src/Mscm_Ip.o
 .debug_info    0x0001d297       0x7d ./RTD/src/OsIf_Interrupts.o
 .debug_info    0x0001d314      0x2c7 ./RTD/src/OsIf_Timer.o
 .debug_info    0x0001d5db       0x7d ./RTD/src/OsIf_Timer_System.o
 .debug_info    0x0001d658      0x196 ./RTD/src/OsIf_Timer_System_Internal_Systick.o
 .debug_info    0x0001d7ee       0x7d ./RTD/src/Pflash_Ip.o
 .debug_info    0x0001d86b     0x26d7 ./RTD/src/SchM_Mcl.o
 .debug_info    0x0001ff42      0x39b ./RTD/src/SchM_Mcu.o
 .debug_info    0x000202dd     0x17a0 ./RTD/src/SchM_Port.o
 .debug_info    0x00021a7d      0xb9d ./RTD/src/SchM_Rm.o
 .debug_info    0x0002261a      0x869 ./RTD/src/SchM_Uart.o
 .debug_info    0x00022e83       0x7d ./RTD/src/Sema42_Ip.o
 .debug_info    0x00022f00     0x3000 ./RTD/src/Siul2_Port_Ip.o
 .debug_info    0x00025f00      0x347 ./RTD/src/Tspc_Port_Ip.o
 .debug_info    0x00026247       0x7d ./RTD/src/Virt_Wrapper_Ip.o
 .debug_info    0x000262c4       0x7d ./RTD/src/Xbic_Ip.o
 .debug_info    0x00026341       0x7d ./RTD/src/Xrdc_Ip.o
 .debug_info    0x000263be     0x22f4 ./board/Siul2_Port_Ip_Cfg.o
 .debug_info    0x000286b2       0x7d ./board/Tspc_Port_Ip_Cfg.o
 .debug_info    0x0002872f       0x7d ./generate/src/Axbs_Ip_PBcfg.o
 .debug_info    0x000287ac       0x7d ./generate/src/CDD_Rm_Cfg.o
 .debug_info    0x00028829      0x196 ./generate/src/CDD_Rm_Ipw_PBcfg.o
 .debug_info    0x000289bf      0x1bc ./generate/src/CDD_Rm_PBcfg.o
 .debug_info    0x00028b7b      0xe1a ./generate/src/Clock_Ip_Cfg.o
 .debug_info    0x00029995      0x7c9 ./generate/src/Dma_Ip_Cfg.o
 .debug_info    0x0002a15e      0x9ac ./generate/src/Dma_Ip_PBcfg.o
 .debug_info    0x0002ab0a      0x157 ./generate/src/Dma_Mux_Ip_PBcfg.o
 .debug_info    0x0002ac61       0x7d ./generate/src/Igf_Port_Ip_Cfg.o
 .debug_info    0x0002acde      0x5a4 ./generate/src/IntCtrl_Ip_Cfg.o
 .debug_info    0x0002b282      0x3d3 ./generate/src/Lpuart_Uart_Ip_Sa_PBcfg.o
 .debug_info    0x0002b655       0x7d ./generate/src/Mscm_Ip_PBcfg.o